Component: ARM Compiler 5.06 update 6 (build 750) Tool: armlink [4d35ed]

==============================================================================

Section Cross References

    main.o(i.GetSoftVer) refers to main.o(.constdata) for ubDEBUG_SOFTVER
    main.o(i.init_task) refers to initmcu.o(i.sbInitMcu) for sbInitMcu
    main.o(i.init_task) refers to flash.o(i.GDFLASH_Init) for GDFLASH_Init
    main.o(i.init_task) refers to led.o(i.Led_set_mode) for Led_set_mode
    main.o(i.init_task) refers to initmcu.o(i.sStartMcu) for sStartMcu
    main.o(i.init_task) refers to tasks.o(i.xTaskCreate) for xTaskCreate
    main.o(i.init_task) refers to tasks.o(i.vTaskDelete) for vTaskDelete
    main.o(i.init_task) refers to main.o(.data) for LcdTaskHandler
    main.o(i.init_task) refers to main.o(i.sLcdTask) for sLcdTask
    main.o(i.main) refers to gd32f30x_misc.o(i.nvic_vector_table_set) for nvic_vector_table_set
    main.o(i.main) refers to gd32f30x_misc.o(i.nvic_priority_group_set) for nvic_priority_group_set
    main.o(i.main) refers to tasks.o(i.xTaskCreate) for xTaskCreate
    main.o(i.main) refers to tasks.o(i.vTaskStartScheduler) for vTaskStartScheduler
    main.o(i.main) refers to main.o(.data) for InitTaskHandler
    main.o(i.main) refers to main.o(i.init_task) for init_task
    main.o(i.sLcdTask) refers to tasks.o(i.vTaskDelay) for vTaskDelay
    crc.o(i.CRC8) refers to crc.o(.data) for CRC8Table
    crc.o(i.sCRC16) refers to crc.o(.constdata) for rtu_aucCRCHi
    mydelay.o(i.sMy_DelayMs) refers to mydelay.o(i.sMy_DelayUs) for sMy_DelayUs
    24cxx.o(i.AT24CXX_Check) refers to 24cxx.o(i.AT24CXX_ReadOneByte) for AT24CXX_ReadOneByte
    24cxx.o(i.AT24CXX_Check) refers to 24cxx.o(i.AT24CXX_WriteOneByte) for AT24CXX_WriteOneByte
    24cxx.o(i.AT24CXX_Init) refers to queue.o(i.xQueueCreateMutex) for xQueueCreateMutex
    24cxx.o(i.AT24CXX_Init) refers to simulationiicdriver.o(i.IIC_Init) for IIC_Init
    24cxx.o(i.AT24CXX_Init) refers to 24cxx.o(.data) for xMutex_24cxx
    24cxx.o(i.AT24CXX_ReadLenByte) refers to 24cxx.o(i.AT24CXX_ReadOneByte) for AT24CXX_ReadOneByte
    24cxx.o(i.AT24CXX_ReadOneByte) refers to simulationiicdriver.o(i.IIC_Start) for IIC_Start
    24cxx.o(i.AT24CXX_ReadOneByte) refers to simulationiicdriver.o(i.IIC_Send_Byte) for IIC_Send_Byte
    24cxx.o(i.AT24CXX_ReadOneByte) refers to simulationiicdriver.o(i.IIC_Wait_Ack) for IIC_Wait_Ack
    24cxx.o(i.AT24CXX_ReadOneByte) refers to simulationiicdriver.o(i.IIC_Read_Byte) for IIC_Read_Byte
    24cxx.o(i.AT24CXX_ReadOneByte) refers to simulationiicdriver.o(i.IIC_NAck) for IIC_NAck
    24cxx.o(i.AT24CXX_ReadOneByte) refers to simulationiicdriver.o(i.IIC_Stop) for IIC_Stop
    24cxx.o(i.AT24CXX_ReadOneByte) refers to 24cxx.o(.data) for tEeI2c
    24cxx.o(i.AT24CXX_Read_All) refers to queue.o(i.xQueueSemaphoreTake) for xQueueSemaphoreTake
    24cxx.o(i.AT24CXX_Read_All) refers to simulationiicdriver.o(i.IIC_Start) for IIC_Start
    24cxx.o(i.AT24CXX_Read_All) refers to simulationiicdriver.o(i.IIC_Send_Byte) for IIC_Send_Byte
    24cxx.o(i.AT24CXX_Read_All) refers to simulationiicdriver.o(i.IIC_Wait_Ack) for IIC_Wait_Ack
    24cxx.o(i.AT24CXX_Read_All) refers to simulationiicdriver.o(i.IIC_Read_Byte) for IIC_Read_Byte
    24cxx.o(i.AT24CXX_Read_All) refers to simulationiicdriver.o(i.IIC_Ack) for IIC_Ack
    24cxx.o(i.AT24CXX_Read_All) refers to simulationiicdriver.o(i.IIC_NAck) for IIC_NAck
    24cxx.o(i.AT24CXX_Read_All) refers to simulationiicdriver.o(i.IIC_Stop) for IIC_Stop
    24cxx.o(i.AT24CXX_Read_All) refers to queue.o(i.xQueueGenericSend) for xQueueGenericSend
    24cxx.o(i.AT24CXX_Read_All) refers to 24cxx.o(.data) for xMutex_24cxx
    24cxx.o(i.AT24CXX_WriteLenByte) refers to 24cxx.o(i.AT24CXX_WriteOneByte) for AT24CXX_WriteOneByte
    24cxx.o(i.AT24CXX_WriteOneByte) refers to simulationiicdriver.o(i.IIC_Start) for IIC_Start
    24cxx.o(i.AT24CXX_WriteOneByte) refers to simulationiicdriver.o(i.IIC_Send_Byte) for IIC_Send_Byte
    24cxx.o(i.AT24CXX_WriteOneByte) refers to simulationiicdriver.o(i.IIC_Wait_Ack) for IIC_Wait_Ack
    24cxx.o(i.AT24CXX_WriteOneByte) refers to simulationiicdriver.o(i.IIC_Stop) for IIC_Stop
    24cxx.o(i.AT24CXX_WriteOneByte) refers to 24cxx.o(.data) for tEeI2c
    24cxx.o(i.AT24CXX_Write_All) refers to queue.o(i.xQueueSemaphoreTake) for xQueueSemaphoreTake
    24cxx.o(i.AT24CXX_Write_All) refers to simulationiicdriver.o(i.IIC_Start) for IIC_Start
    24cxx.o(i.AT24CXX_Write_All) refers to simulationiicdriver.o(i.IIC_Send_Byte) for IIC_Send_Byte
    24cxx.o(i.AT24CXX_Write_All) refers to simulationiicdriver.o(i.IIC_Wait_Ack) for IIC_Wait_Ack
    24cxx.o(i.AT24CXX_Write_All) refers to simulationiicdriver.o(i.IIC_Stop) for IIC_Stop
    24cxx.o(i.AT24CXX_Write_All) refers to mydelay.o(i.sMy_DelayMs) for sMy_DelayMs
    24cxx.o(i.AT24CXX_Write_All) refers to queue.o(i.xQueueGenericSend) for xQueueGenericSend
    24cxx.o(i.AT24CXX_Write_All) refers to 24cxx.o(.data) for xMutex_24cxx
[...]
    Removing timers.o(i.xTimerIsTimerActive), (58 bytes).
    Removing port.o(i.vPortEndScheduler), (48 bytes).
    Removing heap_4.o(i.vPortGetHeapStats), (128 bytes).
    Removing heap_4.o(i.vPortInitialiseBlocks), (2 bytes).
    Removing heap_4.o(i.xPortGetFreeHeapSize), (12 bytes).
    Removing heap_4.o(i.xPortGetMinimumEverFreeHeapSize), (12 bytes).
    Removing dmul.o(.text), (228 bytes).
    Removing dflti.o(.text), (34 bytes).
    Removing d2f.o(.text), (56 bytes).
    Removing fepilogue.o(.text), (110 bytes).
    Removing depilogue.o(.text), (186 bytes).

828 unused section(s) (total 42006 bytes) removed from the image.

==============================================================================

Image Symbol Table

    Local Symbols

    Symbol Name                              Value     Ov Type        Size  Object(Section)

    ../clib/microlib/init/entry.s            0x00000000   Number         0  entry7b.o ABSOLUTE
    ../clib/microlib/init/entry.s            0x00000000   Number         0  entry11a.o ABSOLUTE
    ../clib/microlib/init/entry.s            0x00000000   Number         0  entry2.o ABSOLUTE
    ../clib/microlib/init/entry.s            0x00000000   Number         0  entry.o ABSOLUTE
    ../clib/microlib/init/entry.s            0x00000000   Number         0  entry5.o ABSOLUTE
    ../clib/microlib/init/entry.s            0x00000000   Number         0  entry10b.o ABSOLUTE
    ../clib/microlib/init/entry.s            0x00000000   Number         0  entry10a.o ABSOLUTE
    ../clib/microlib/init/entry.s            0x00000000   Number         0  entry7a.o ABSOLUTE
    ../clib/microlib/init/entry.s            0x00000000   Number         0  entry9b.o ABSOLUTE
    ../clib/microlib/init/entry.s            0x00000000   Number         0  entry8a.o ABSOLUTE
    ../clib/microlib/init/entry.s            0x00000000   Number         0  entry8b.o ABSOLUTE
    ../clib/microlib/init/entry.s            0x00000000   Number         0  entry9a.o ABSOLUTE
    ../clib/microlib/init/entry.s            0x00000000   Number         0  entry11b.o ABSOLUTE
    ../clib/microlib/longlong.c              0x00000000   Number         0  llushr.o ABSOLUTE
    ../clib/microlib/longlong.c              0x00000000   Number         0  llshl.o ABSOLUTE
    ../clib/microlib/string/memcmp.c         0x00000000   Number         0  memcmp.o ABSOLUTE
    ../clib/microlib/string/memcpy.c         0x00000000   Number         0  memcpya.o ABSOLUTE
    ../clib/microlib/string/memcpy.c         0x00000000   Number         0  memcpyb.o ABSOLUTE
    ../clib/microlib/string/memset.c         0x00000000   Number         0  memseta.o ABSOLUTE
    ../clib/microlib/string/memset.c         0x00000000   Number         0  memset.o ABSOLUTE
    ../clib/microlib/string/strlen.c         0x00000000   Number         0  strlen.o ABSOLUTE
    ../clib/microlib/stubs.s                 0x00000000   Number         0  iusefp.o ABSOLUTE
    ../fplib/microlib/d2f.c                  0x00000000   Number         0  d2f.o ABSOLUTE
    ../fplib/microlib/fpepilogue.c           0x00000000   Number         0  depilogue.o ABSOLUTE
    ../fplib/microlib/fpepilogue.c           0x00000000   Number         0  fepilogue.o ABSOLUTE
    ../fplib/microlib/fpflt.c                0x00000000   Number         0  dflti.o ABSOLUTE
    ../fplib/microlib/fpmul.c                0x00000000   Number         0  dmul.o ABSOLUTE
    ..\..\APP\Source\main.c                  0x00000000   Number         0  main.o ABSOLUTE
    ..\..\APP\Untility\Source\Endian.c       0x00000000   Number         0  endian.o ABSOLUTE
    ..\..\APP\Untility\Source\MyDelay.c      0x00000000   Number         0  mydelay.o ABSOLUTE
    ..\..\APP\Untility\Source\Untility.c     0x00000000   Number         0  untility.o ABSOLUTE
    ..\..\APP\Untility\Source\crc.c          0x00000000   Number         0  crc.o ABSOLUTE
    ..\..\Device\Source\24cxx.c              0x00000000   Number         0  24cxx.o ABSOLUTE
    ..\..\Device\Source\KeyDet.c             0x00000000   Number         0  keydet.o ABSOLUTE
    ..\..\Device\Source\Led.c                0x00000000   Number         0  led.o ABSOLUTE
    ..\..\Device\Source\Sample.c             0x00000000   Number         0  sample.o ABSOLUTE
    ..\..\Driver\Source\AdcDriver.c          0x00000000   Number         0  adcdriver.o ABSOLUTE
    ..\..\Driver\Source\FLASH.c              0x00000000   Number         0  flash.o ABSOLUTE
    ..\..\Driver\Source\FWDGT.c              0x00000000   Number         0  fwdgt.o ABSOLUTE
    ..\..\Driver\Source\InitMCU.c            0x00000000   Number         0  initmcu.o ABSOLUTE
    ..\..\Driver\Source\SimulationIicDriver.c 0x00000000   Number         0  simulationiicdriver.o ABSOLUTE
    ..\..\Driver\Source\SpiDriver.c          0x00000000   Number         0  spidriver.o ABSOLUTE
    ..\..\Driver\Source\TimerDriver.c        0x00000000   Number         0  timerdriver.o ABSOLUTE
    ..\..\Driver\Source\UsartDriver.c        0x00000000   Number         0  usartdriver.o ABSOLUTE
    ..\..\Driver\Source\gd32f30x_it.c        0x00000000   Number         0  gd32f30x_it.o ABSOLUTE
    ..\..\Library\Firmware\CMSIS\GD\GD32F30x\Source\ARM\startup_gd32f30x_hd.s 0x00000000   Number         0  startup_gd32f30x_hd.o ABSOLUTE
    ..\..\Library\Firmware\CMSIS\GD\GD32F30x\Source\system_gd32f30x.c 0x00000000   Number         0  system_gd32f30x.o ABSOLUTE
    ..\..\Library\Firmware\GD32F30x_standard_peripheral\Source\gd32f30x_adc.c 0x00000000   Number         0  gd32f30x_adc.o ABSOLUTE
    ..\..\Library\Firmware\GD32F30x_standard_peripheral\Source\gd32f30x_bkp.c 0x00000000   Number         0  gd32f30x_bkp.o ABSOLUTE
    ..\..\Library\Firmware\GD32F30x_standard_peripheral\Source\gd32f30x_can.c 0x00000000   Number         0  gd32f30x_can.o ABSOLUTE
    ..\..\Library\Firmware\GD32F30x_standard_peripheral\Source\gd32f30x_crc.c 0x00000000   Number         0  gd32f30x_crc.o ABSOLUTE
    ..\..\Library\Firmware\GD32F30x_standard_peripheral\Source\gd32f30x_ctc.c 0x00000000   Number         0  gd32f30x_ctc.o ABSOLUTE
    ..\..\Library\Firmware\GD32F30x_standard_peripheral\Source\gd32f30x_dac.c 0x00000000   Number         0  gd32f30x_dac.o ABSOLUTE
    ..\..\Library\Firmware\GD32F30x_standard_peripheral\Source\gd32f30x_dbg.c 0x00000000   Number         0  gd32f30x_dbg.o ABSOLUTE
    ..\..\Library\Firmware\GD32F30x_standard_peripheral\Source\gd32f30x_dma.c 0x00000000   Number         0  gd32f30x_dma.o ABSOLUTE
    ..\..\Library\Firmware\GD32F30x_standard_peripheral\Source\gd32f30x_enet.c 0x00000000   Number         0  gd32f30x_enet.o ABSOLUTE
    ..\..\Library\Firmware\GD32F30x_standard_peripheral\Source\gd32f30x_exmc.c 0x00000000   Number         0  gd32f30x_exmc.o ABSOLUTE
    ..\..\Library\Firmware\GD32F30x_standard_peripheral\Source\gd32f30x_exti.c 0x00000000   Number         0  gd32f30x_exti.o ABSOLUTE
    ..\..\Library\Firmware\GD32F30x_standard_peripheral\Source\gd32f30x_fmc.c 0x00000000   Number         0  gd32f30x_fmc.o ABSOLUTE
    ..\..\Library\Firmware\GD32F30x_standard_peripheral\Source\gd32f30x_fwdgt.c 0x00000000   Number         0  gd32f30x_fwdgt.o ABSOLUTE
    ..\..\Library\Firmware\GD32F30x_standard_peripheral\Source\gd32f30x_gpio.c 0x00000000   Number         0  gd32f30x_gpio.o ABSOLUTE
    ..\..\Library\Firmware\GD32F30x_standard_peripheral\Source\gd32f30x_i2c.c 0x00000000   Number         0  gd32f30x_i2c.o ABSOLUTE
    ..\..\Library\Firmware\GD32F30x_standard_peripheral\Source\gd32f30x_misc.c 0x00000000   Number         0  gd32f30x_misc.o ABSOLUTE
    ..\..\Library\Firmware\GD32F30x_standard_peripheral\Source\gd32f30x_pmu.c 0x00000000   Number         0  gd32f30x_pmu.o ABSOLUTE
    ..\..\Library\Firmware\GD32F30x_standard_peripheral\Source\gd32f30x_rcu.c 0x00000000   Number         0  gd32f30x_rcu.o ABSOLUTE
    ..\..\Library\Firmware\GD32F30x_standard_peripheral\Source\gd32f30x_rtc.c 0x00000000   Number         0  gd32f30x_rtc.o ABSOLUTE
    ..\..\Library\Firmware\GD32F30x_standard_peripheral\Source\gd32f30x_sdio.c 0x00000000   Number         0  gd32f30x_sdio.o ABSOLUTE
    ..\..\Library\Firmware\GD32F30x_standard_peripheral\Source\gd32f30x_spi.c 0x00000000   Number         0  gd32f30x_spi.o ABSOLUTE
    ..\..\Library\Firmware\GD32F30x_standard_peripheral\Source\gd32f30x_timer.c 0x00000000   Number         0  gd32f30x_timer.o ABSOLUTE
    ..\..\Library\Firmware\GD32F30x_standard_peripheral\Source\gd32f30x_usart.c 0x00000000   Number         0  gd32f30x_usart.o ABSOLUTE
    ..\..\Library\Firmware\GD32F30x_standard_peripheral\Source\gd32f30x_wwdgt.c 0x00000000   Number         0  gd32f30x_wwdgt.o ABSOLUTE
    ..\..\Library\Third_Party\FreeRTOSv10.1.1\FreeRTOS\Source\croutine.c 0x00000000   Number         0  croutine.o ABSOLUTE
    ..\..\Library\Third_Party\FreeRTOSv10.1.1\FreeRTOS\Source\event_groups.c 0x00000000   Number         0  event_groups.o ABSOLUTE
    ..\..\Library\Third_Party\FreeRTOSv10.1.1\FreeRTOS\Source\list.c 0x00000000   Number         0  list.o ABSOLUTE
    ..\..\Library\Third_Party\FreeRTOSv10.1.1\FreeRTOS\Source\portable\MemMang\heap_4.c 0x00000000   Number         0  heap_4.o ABSOLUTE
    ..\..\Library\Third_Party\FreeRTOSv10.1.1\FreeRTOS\Source\portable\RVDS\ARM_CM4F\port.c 0x00000000   Number         0  port.o ABSOLUTE
    ..\..\Library\Third_Party\FreeRTOSv10.1.1\FreeRTOS\Source\queue.c 0x00000000   Number         0  queue.o ABSOLUTE
    ..\..\Library\Third_Party\FreeRTOSv10.1.1\FreeRTOS\Source\stream_buffer.c 0x00000000   Number         0  stream_buffer.o ABSOLUTE
    ..\..\Library\Third_Party\FreeRTOSv10.1.1\FreeRTOS\Source\tasks.c 0x00000000   Number         0  tasks.o ABSOLUTE
    ..\..\Library\Third_Party\FreeRTOSv10.1.1\FreeRTOS\Source\timers.c 0x00000000   Number         0  timers.o ABSOLUTE
    ..\\..\\APP\\Source\\main.c              0x00000000   Number         0  main.o ABSOLUTE
    ..\\..\\APP\\Untility\\Source\\MyDelay.c 0x00000000   Number         0  mydelay.o ABSOLUTE
    ..\\..\\APP\\Untility\\Source\\crc.c     0x00000000   Number         0  crc.o ABSOLUTE
    ..\\..\\Device\\Source\\24cxx.c          0x00000000   Number         0  24cxx.o ABSOLUTE
    ..\\..\\Device\\Source\\KeyDet.c         0x00000000   Number         0  keydet.o ABSOLUTE
    ..\\..\\Device\\Source\\Led.c            0x00000000   Number         0  led.o ABSOLUTE
    ..\\..\\Device\\Source\\Sample.c         0x00000000   Number         0  sample.o ABSOLUTE
    ..\\..\\Driver\\Source\\AdcDriver.c      0x00000000   Number         0  adcdriver.o ABSOLUTE
    ..\\..\\Driver\\Source\\FLASH.c          0x00000000   Number         0  flash.o ABSOLUTE
    ..\\..\\Driver\\Source\\FWDGT.c          0x00000000   Number         0  fwdgt.o ABSOLUTE
    ..\\..\\Driver\\Source\\InitMCU.c        0x00000000   Number         0  initmcu.o ABSOLUTE
    ..\\..\\Driver\\Source\\SimulationIicDriver.c 0x00000000   Number         0  simulationiicdriver.o ABSOLUTE
    ..\\..\\Driver\\Source\\SpiDriver.c      0x00000000   Number         0  spidriver.o ABSOLUTE
    ..\\..\\Driver\\Source\\TimerDriver.c    0x00000000   Number         0  timerdriver.o ABSOLUTE
    ..\\..\\Driver\\Source\\UsartDriver.c    0x00000000   Number         0  usartdriver.o ABSOLUTE
    ..\\..\\Driver\\Source\\gd32f30x_it.c    0x00000000   Number         0  gd32f30x_it.o ABSOLUTE
    ..\\..\\Library\\Firmware\\CMSIS\\GD\\GD32F30x\\Source\\system_gd32f30x.c 0x00000000   Number         0  system_gd32f30x.o ABSOLUTE
    ..\\..\\Library\\Firmware\\GD32F30x_standard_peripheral\\Source\\gd32f30x_adc.c 0x00000000   Number         0  gd32f30x_adc.o ABSOLUTE
    ..\\..\\Library\\Firmware\\GD32F30x_standard_peripheral\\Source\\gd32f30x_bkp.c 0x00000000   Number         0  gd32f30x_bkp.o ABSOLUTE
    ..\\..\\Library\\Firmware\\GD32F30x_standard_peripheral\\Source\\gd32f30x_can.c 0x00000000   Number         0  gd32f30x_can.o ABSOLUTE
    ..\\..\\Library\\Firmware\\GD32F30x_standard_peripheral\\Source\\gd32f30x_crc.c 0x00000000   Number         0  gd32f30x_crc.o ABSOLUTE
    ..\\..\\Library\\Firmware\\GD32F30x_standard_peripheral\\Source\\gd32f30x_ctc.c 0x00000000   Number         0  gd32f30x_ctc.o ABSOLUTE
    ..\\..\\Library\\Firmware\\GD32F30x_standard_peripheral\\Source\\gd32f30x_dac.c 0x00000000   Number         0  gd32f30x_dac.o ABSOLUTE
    ..\\..\\Library\\Firmware\\GD32F30x_standard_peripheral\\Source\\gd32f30x_dbg.c 0x00000000   Number         0  gd32f30x_dbg.o ABSOLUTE
    ..\\..\\Library\\Firmware\\GD32F30x_standard_peripheral\\Source\\gd32f30x_dma.c 0x00000000   Number         0  gd32f30x_dma.o ABSOLUTE
    ..\\..\\Library\\Firmware\\GD32F30x_standard_peripheral\\Source\\gd32f30x_enet.c 0x00000000   Number         0  gd32f30x_enet.o ABSOLUTE
    ..\\..\\Library\\Firmware\\GD32F30x_standard_peripheral\\Source\\gd32f30x_exmc.c 0x00000000   Number         0  gd32f30x_exmc.o ABSOLUTE
    ..\\..\\Library\\Firmware\\GD32F30x_standard_peripheral\\Source\\gd32f30x_exti.c 0x00000000   Number         0  gd32f30x_exti.o ABSOLUTE
    ..\\..\\Library\\Firmware\\GD32F30x_standard_peripheral\\Source\\gd32f30x_fmc.c 0x00000000   Number         0  gd32f30x_fmc.o ABSOLUTE
    ..\\..\\Library\\Firmware\\GD32F30x_standard_peripheral\\Source\\gd32f30x_fwdgt.c 0x00000000   Number         0  gd32f30x_fwdgt.o ABSOLUTE
    ..\\..\\Library\\Firmware\\GD32F30x_standard_peripheral\\Source\\gd32f30x_gpio.c 0x00000000   Number         0  gd32f30x_gpio.o ABSOLUTE
    ..\\..\\Library\\Firmware\\GD32F30x_standard_peripheral\\Source\\gd32f30x_i2c.c 0x00000000   Number         0  gd32f30x_i2c.o ABSOLUTE
    ..\\..\\Library\\Firmware\\GD32F30x_standard_peripheral\\Source\\gd32f30x_misc.c 0x00000000   Number         0  gd32f30x_misc.o ABSOLUTE
    ..\\..\\Library\\Firmware\\GD32F30x_standard_peripheral\\Source\\gd32f30x_pmu.c 0x00000000   Number         0  gd32f30x_pmu.o ABSOLUTE
    ..\\..\\Library\\Firmware\\GD32F30x_standard_peripheral\\Source\\gd32f30x_rcu.c 0x00000000   Number         0  gd32f30x_rcu.o ABSOLUTE
    ..\\..\\Library\\Firmware\\GD32F30x_standard_peripheral\\Source\\gd32f30x_rtc.c 0x00000000   Number         0  gd32f30x_rtc.o ABSOLUTE
    ..\\..\\Library\\Firmware\\GD32F30x_standard_peripheral\\Source\\gd32f30x_sdio.c 0x00000000   Number         0  gd32f30x_sdio.o ABSOLUTE
    ..\\..\\Library\\Firmware\\GD32F30x_standard_peripheral\\Source\\gd32f30x_spi.c 0x00000000   Number         0  gd32f30x_spi.o ABSOLUTE
    ..\\..\\Library\\Firmware\\GD32F30x_standard_peripheral\\Source\\gd32f30x_timer.c 0x00000000   Number         0  gd32f30x_timer.o ABSOLUTE
    ..\\..\\Library\\Firmware\\GD32F30x_standard_peripheral\\Source\\gd32f30x_usart.c 0x00000000   Number         0  gd32f30x_usart.o ABSOLUTE
    ..\\..\\Library\\Firmware\\GD32F30x_standard_peripheral\\Source\\gd32f30x_wwdgt.c 0x00000000   Number         0  gd32f30x_wwdgt.o ABSOLUTE
    ..\\..\\Library\\Third_Party\\FreeRTOSv10.1.1\\FreeRTOS\\Source\\portable\\RVDS\\ARM_CM4F\\port.c 0x00000000   Number         0  port.o ABSOLUTE
    dc.s                                     0x00000000   Number         0  dc.o ABSOLUTE
    handlers.s                               0x00000000   Number         0  handlers.o ABSOLUTE
    init.s                                   0x00000000   Number         0  init.o ABSOLUTE
    RESET                                    0x08006000   Section      304  startup_gd32f30x_hd.o(RESET)
    .ARM.Collect$$$$00000000                 0x08006130   Section        0  entry.o(.ARM.Collect$$$$00000000)
    .ARM.Collect$$$$00000001                 0x08006130   Section        4  entry2.o(.ARM.Collect$$$$00000001)
    .ARM.Collect$$$$00000004                 0x08006134   Section        4  entry5.o(.ARM.Collect$$$$00000004)
    .ARM.Collect$$$$00000008                 0x08006138   Section        0  entry7b.o(.ARM.Collect$$$$00000008)
    .ARM.Collect$$$$0000000A                 0x08006138   Section        0  entry8b.o(.ARM.Collect$$$$0000000A)
    .ARM.Collect$$$$0000000B                 0x08006138   Section        8  entry9a.o(.ARM.Collect$$$$0000000B)
    .ARM.Collect$$$$0000000D                 0x08006140   Section        0  entry10a.o(.ARM.Collect$$$$0000000D)
    .ARM.Collect$$$$0000000F                 0x08006140   Section        0  entry11a.o(.ARM.Collect$$$$0000000F)
    .ARM.Collect$$$$00002712                 0x08006140   Section        4  entry2.o(.ARM.Collect$$$$00002712)
    __lit__00000000                          0x08006140   Data           4  entry2.o(.ARM.Collect$$$$00002712)
    .emb_text                                0x08006144   Section      190  port.o(.emb_text)
    $v0                                      0x08006144   Number         0  port.o(.emb_text)
    .text                                    0x08006204   Section       36  startup_gd32f30x_hd.o(.text)
    $v0                                      0x08006204   Number         0  startup_gd32f30x_hd.o(.text)
    .text                                    0x08006228   Section        0  memcpya.o(.text)
    .text                                    0x0800624c   Section        0  memseta.o(.text)
    .text                                    0x08006270   Section       36  init.o(.text)
    i.AT24CXX_Init                           0x08006294   Section        0  24cxx.o(i.AT24CXX_Init)
    i.BusFault_Handler                       0x080062b0   Section        0  gd32f30x_it.o(i.BusFault_Handler)
    i.DebugMon_Handler                       0x080062b4   Section        0  gd32f30x_it.o(i.DebugMon_Handler)
    i.GDFLASH_Init                           0x080062b8   Section        0  flash.o(i.GDFLASH_Init)
    i.HardFault_Handler                      0x080062d8   Section        0  gd32f30x_it.o(i.HardFault_Handler)
    i.IIC_Init                               0x080062dc   Section        0  simulationiicdriver.o(i.IIC_Init)
    i.IIC_SCL_1                              0x08006300   Section        0  simulationiicdriver.o(i.IIC_SCL_1)
    IIC_SCL_1                                0x08006301   Thumb Code    14  simulationiicdriver.o(i.IIC_SCL_1)
    i.IIC_SDA_1                              0x0800630e   Section        0  simulationiicdriver.o(i.IIC_SDA_1)
    IIC_SDA_1                                0x0800630f   Thumb Code    20  simulationiicdriver.o(i.IIC_SDA_1)
    i.Led_set_mode                           0x08006324   Section        0  led.o(i.Led_set_mode)
    i.MemManage_Handler                      0x08006354   Section        0  gd32f30x_it.o(i.MemManage_Handler)
    i.NMI_Handler                            0x08006358   Section        0  gd32f30x_it.o(i.NMI_Handler)
    i.SDA_OUT                                0x0800635a   Section        0  simulationiicdriver.o(i.SDA_OUT)
    SDA_OUT                                  0x0800635b   Thumb Code    24  simulationiicdriver.o(i.SDA_OUT)
    i.SysTick_Handler                        0x08006374   Section        0  port.o(i.SysTick_Handler)
    i.SystemInit                             0x080063a8   Section        0  system_gd32f30x.o(i.SystemInit)
    i.TIMER1_IRQHandler                      0x080064f0   Section        0  timerdriver.o(i.TIMER1_IRQHandler)
    i.USART0_IRQHandler                      0x08006508   Section        0  usartdriver.o(i.USART0_IRQHandler)
    i.USART1_IRQHandler                      0x08006570   Section        0  usartdriver.o(i.USART1_IRQHandler)
    i.USART2_IRQHandler                      0x080065d8   Section        0  usartdriver.o(i.USART2_IRQHandler)
    i.UsageFault_Handler                     0x08006640   Section        0  gd32f30x_it.o(i.UsageFault_Handler)
    i.__scatterload_copy                     0x08006644   Section       14  handlers.o(i.__scatterload_copy)
    i.__scatterload_null                     0x08006652   Section        2  handlers.o(i.__scatterload_null)
    i.__scatterload_zeroinit                 0x08006654   Section       14  handlers.o(i.__scatterload_zeroinit)
    i._soft_delay_                           0x08006662   Section        0  system_gd32f30x.o(i._soft_delay_)
    _soft_delay_                             0x08006663   Thumb Code    28  system_gd32f30x.o(i._soft_delay_)
    i.adc_calibration_enable                 0x0800667e   Section        0  gd32f30x_adc.o(i.adc_calibration_enable)
    i.adc_channel_length_config              0x080066a8   Section        0  gd32f30x_adc.o(i.adc_channel_length_config)
    i.adc_data_alignment_config              0x080066ee   Section        0  gd32f30x_adc.o(i.adc_data_alignment_config)
    i.adc_enable                             0x08006704   Section        0  gd32f30x_adc.o(i.adc_enable)
    i.adc_external_trigger_config            0x08006716   Section        0  gd32f30x_adc.o(i.adc_external_trigger_config)
    i.adc_external_trigger_source_config     0x08006754   Section        0  gd32f30x_adc.o(i.adc_external_trigger_source_config)
    i.adc_mode_config                        0x08006784   Section        0  gd32f30x_adc.o(i.adc_mode_config)
    i.dma_channel_disable                    0x080067a0   Section        0  gd32f30x_dma.o(i.dma_channel_disable)
    i.dma_channel_enable                     0x080067d2   Section        0  gd32f30x_dma.o(i.dma_channel_enable)
    i.dma_circulation_disable                0x08006804   Section        0  gd32f30x_dma.o(i.dma_circulation_disable)
    i.dma_deinit                             0x08006836   Section        0  gd32f30x_dma.o(i.dma_deinit)
    i.dma_init                               0x080068a6   Section        0  gd32f30x_dma.o(i.dma_init)
    i.dma_periph_and_channel_check           0x080069d4   Section        0  gd32f30x_dma.o(i.dma_periph_and_channel_check)
    dma_periph_and_channel_check             0x080069d5   Thumb Code    18  gd32f30x_dma.o(i.dma_periph_and_channel_check)
    i.dma_struct_para_init                   0x080069ec   Section        0  gd32f30x_dma.o(i.dma_struct_para_init)
    i.dma_transfer_number_config             0x08006a08   Section        0  gd32f30x_dma.o(i.dma_transfer_number_config)
    i.dma_transfer_number_get                0x08006a2e   Section        0  gd32f30x_dma.o(i.dma_transfer_number_get)
    i.gpio_bit_reset                         0x08006a50   Section        0  gd32f30x_gpio.o(i.gpio_bit_reset)
    i.gpio_bit_set                           0x08006a54   Section        0  gd32f30x_gpio.o(i.gpio_bit_set)
    i.gpio_init                              0x08006a58   Section        0  gd32f30x_gpio.o(i.gpio_init)
    i.gpio_pin_remap_config                  0x08006b14   Section        0  gd32f30x_gpio.o(i.gpio_pin_remap_config)
    i.hardware_led_set                       0x08006ba4   Section        0  led.o(i.hardware_led_set)
    hardware_led_set                         0x08006ba5   Thumb Code    28  led.o(i.hardware_led_set)
    i.init_task                              0x08006bc4   Section        0  main.o(i.init_task)
    i.main                                   0x08006c20   Section        0  main.o(i.main)
    i.nvic_irq_enable                        0x08006c68   Section        0  gd32f30x_misc.o(i.nvic_irq_enable)
    i.nvic_priority_group_set                0x08006d70   Section        0  gd32f30x_misc.o(i.nvic_priority_group_set)
    i.nvic_vector_table_set                  0x08006d84   Section        0  gd32f30x_misc.o(i.nvic_vector_table_set)
    i.prvAddCurrentTaskToDelayedList         0x08006d9c   Section        0  tasks.o(i.prvAddCurrentTaskToDelayedList)
    prvAddCurrentTaskToDelayedList           0x08006d9d   Thumb Code   124  tasks.o(i.prvAddCurrentTaskToDelayedList)
    i.prvAddNewTaskToReadyList               0x08006e34   Section        0  tasks.o(i.prvAddNewTaskToReadyList)
    prvAddNewTaskToReadyList                 0x08006e35   Thumb Code   156  tasks.o(i.prvAddNewTaskToReadyList)
    i.prvCheckForValidListAndQueue           0x08006eec   Section        0  timers.o(i.prvCheckForValidListAndQueue)
    prvCheckForValidListAndQueue             0x08006eed   Thumb Code    72  timers.o(i.prvCheckForValidListAndQueue)
    i.prvCheckTasksWaitingTermination        0x08006f50   Section        0  tasks.o(i.prvCheckTasksWaitingTermination)
    prvCheckTasksWaitingTermination          0x08006f51   Thumb Code    60  tasks.o(i.prvCheckTasksWaitingTermination)
    i.prvCopyDataFromQueue                   0x08006f98   Section        0  queue.o(i.prvCopyDataFromQueue)
    prvCopyDataFromQueue                     0x08006f99   Thumb Code    42  queue.o(i.prvCopyDataFromQueue)
    i.prvCopyDataToQueue                     0x08006fc2   Section        0  queue.o(i.prvCopyDataToQueue)
    prvCopyDataToQueue                       0x08006fc3   Thumb Code   126  queue.o(i.prvCopyDataToQueue)
    i.prvDeleteTCB                           0x08007040   Section        0  tasks.o(i.prvDeleteTCB)
    prvDeleteTCB                             0x08007041   Thumb Code    18  tasks.o(i.prvDeleteTCB)
    i.prvGetNextExpireTime                   0x08007054   Section        0  timers.o(i.prvGetNextExpireTime)
    prvGetNextExpireTime                     0x08007055   Thumb Code    36  timers.o(i.prvGetNextExpireTime)
    i.prvHeapInit                            0x0800707c   Section        0  heap_4.o(i.prvHeapInit)
    prvHeapInit                              0x0800707d   Thumb Code    98  heap_4.o(i.prvHeapInit)
    i.prvIdleTask                            0x080070f8   Section        0  tasks.o(i.prvIdleTask)
    prvIdleTask                              0x080070f9   Thumb Code    32  tasks.o(i.prvIdleTask)
    i.prvInitialiseMutex                     0x08007120   Section        0  queue.o(i.prvInitialiseMutex)
    prvInitialiseMutex                       0x08007121   Thumb Code    30  queue.o(i.prvInitialiseMutex)
    i.prvInitialiseNewQueue                  0x0800713e   Section        0  queue.o(i.prvInitialiseNewQueue)
    prvInitialiseNewQueue                    0x0800713f   Thumb Code    42  queue.o(i.prvInitialiseNewQueue)
    i.prvInitialiseNewTask                   0x08007168   Section        0  tasks.o(i.prvInitialiseNewTask)
    prvInitialiseNewTask                     0x08007169   Thumb Code   190  tasks.o(i.prvInitialiseNewTask)
    i.prvInitialiseTaskLists                 0x08007228   Section        0  tasks.o(i.prvInitialiseTaskLists)
    prvInitialiseTaskLists                   0x08007229   Thumb Code    70  tasks.o(i.prvInitialiseTaskLists)
    i.prvInsertBlockIntoFreeList             0x08007290   Section        0  heap_4.o(i.prvInsertBlockIntoFreeList)
    prvInsertBlockIntoFreeList               0x08007291   Thumb Code    96  heap_4.o(i.prvInsertBlockIntoFreeList)
    i.prvInsertTimerInActiveList             0x080072f8   Section        0  timers.o(i.prvInsertTimerInActiveList)
    prvInsertTimerInActiveList               0x080072f9   Thumb Code    80  timers.o(i.prvInsertTimerInActiveList)
    i.prvIsQueueEmpty                        0x08007350   Section        0  queue.o(i.prvIsQueueEmpty)
    prvIsQueueEmpty                          0x08007351   Thumb Code    26  queue.o(i.prvIsQueueEmpty)
    i.prvIsQueueFull                         0x0800736a   Section        0  queue.o(i.prvIsQueueFull)
    prvIsQueueFull                           0x0800736b   Thumb Code    30  queue.o(i.prvIsQueueFull)
    i.prvProcessExpiredTimer                 0x08007388   Section        0  timers.o(i.prvProcessExpiredTimer)
    prvProcessExpiredTimer                   0x08007389   Thumb Code   110  timers.o(i.prvProcessExpiredTimer)
    i.prvProcessReceivedCommands             0x080073fc   Section        0  timers.o(i.prvProcessReceivedCommands)
    prvProcessReceivedCommands               0x080073fd   Thumb Code   308  timers.o(i.prvProcessReceivedCommands)
    i.prvProcessTimerOrBlockTask             0x08007534   Section        0  timers.o(i.prvProcessTimerOrBlockTask)
    prvProcessTimerOrBlockTask               0x08007535   Thumb Code   102  timers.o(i.prvProcessTimerOrBlockTask)
    i.prvResetNextTaskUnblockTime            0x080075a8   Section        0  tasks.o(i.prvResetNextTaskUnblockTime)
    prvResetNextTaskUnblockTime              0x080075a9   Thumb Code    42  tasks.o(i.prvResetNextTaskUnblockTime)
    i.prvSampleTimeNow                       0x080075dc   Section        0  timers.o(i.prvSampleTimeNow)
    prvSampleTimeNow                         0x080075dd   Thumb Code    40  timers.o(i.prvSampleTimeNow)
    i.prvSwitchTimerLists                    0x08007608   Section        0  timers.o(i.prvSwitchTimerLists)
    prvSwitchTimerLists                      0x08007609   Thumb Code   154  timers.o(i.prvSwitchTimerLists)
    i.prvTaskExitError                       0x080076ac   Section        0  port.o(i.prvTaskExitError)
    prvTaskExitError                         0x080076ad   Thumb Code    60  port.o(i.prvTaskExitError)
    i.prvTimerTask                           0x080076ec   Section        0  timers.o(i.prvTimerTask)
    prvTimerTask                             0x080076ed   Thumb Code    26  timers.o(i.prvTimerTask)
    i.prvUnlockQueue                         0x08007706   Section        0  queue.o(i.prvUnlockQueue)
    prvUnlockQueue                           0x08007707   Thumb Code   126  queue.o(i.prvUnlockQueue)
    i.pvPortMalloc                           0x08007784   Section        0  heap_4.o(i.pvPortMalloc)
    i.pxPortInitialiseStack                  0x080078d0   Section        0  port.o(i.pxPortInitialiseStack)
    i.rcu_clock_freq_get                     0x080078fc   Section        0  gd32f30x_rcu.o(i.rcu_clock_freq_get)
    i.rcu_periph_clock_enable                0x08007a54   Section        0  gd32f30x_rcu.o(i.rcu_periph_clock_enable)
    i.rcu_periph_reset_disable               0x08007a74   Section        0  gd32f30x_rcu.o(i.rcu_periph_reset_disable)
    i.rcu_periph_reset_enable                0x08007a94   Section        0  gd32f30x_rcu.o(i.rcu_periph_reset_enable)
    i.sInitSpi2                              0x08007ab4   Section        0  spidriver.o(i.sInitSpi2)
    sInitSpi2                                0x08007ab5   Thumb Code    60  spidriver.o(i.sInitSpi2)
    i.sInitUsart0                            0x08007af4   Section        0  usartdriver.o(i.sInitUsart0)
    sInitUsart0                              0x08007af5   Thumb Code   286  usartdriver.o(i.sInitUsart0)
    i.sInitUsart1                            0x08007c18   Section        0  usartdriver.o(i.sInitUsart1)
    sInitUsart1                              0x08007c19   Thumb Code   286  usartdriver.o(i.sInitUsart1)
    i.sInitUsart2                            0x08007d3c   Section        0  usartdriver.o(i.sInitUsart2)
    sInitUsart2                              0x08007d3d   Thumb Code   286  usartdriver.o(i.sInitUsart2)
    i.sLcdTask                               0x08007e60   Section        0  main.o(i.sLcdTask)
    i.sMy_DelayMs                            0x08007e6a   Section        0  mydelay.o(i.sMy_DelayMs)
    i.sMy_DelayUs                            0x08007e82   Section        0  mydelay.o(i.sMy_DelayUs)
    i.sResetUsartDma                         0x08007e9a   Section        0  usartdriver.o(i.sResetUsartDma)
    sResetUsartDma                           0x08007e9b   Thumb Code    46  usartdriver.o(i.sResetUsartDma)
    i.sStartMcu                              0x08007ec8   Section        0  initmcu.o(i.sStartMcu)
    i.sUsartDriver_Start                     0x08007ef8   Section        0  usartdriver.o(i.sUsartDriver_Start)
    i.sbAdcDriver_Init                       0x08007f40   Section        0  adcdriver.o(i.sbAdcDriver_Init)
    i.sbInitGpioConfig                       0x08007f94   Section        0  initmcu.o(i.sbInitGpioConfig)
    i.sbInitMcu                              0x08008164   Section        0  initmcu.o(i.sbInitMcu)
    i.sbSPIDriver_Init                       0x08008182   Section        0  spidriver.o(i.sbSPIDriver_Init)
    i.sbTimer1_Init                          0x0800818c   Section        0  timerdriver.o(i.sbTimer1_Init)
    i.sbUsartDriver_Init                     0x080081e2   Section        0  usartdriver.o(i.sbUsartDriver_Init)
    i.spi_enable                             0x080081f4   Section        0  gd32f30x_spi.o(i.spi_enable)
    i.spi_init                               0x080081fe   Section        0  gd32f30x_spi.o(i.spi_init)
    i.swGetUsartBuff                         0x08008230   Section        0  usartdriver.o(i.swGetUsartBuff)
    swGetUsartBuff                           0x08008231   Thumb Code    46  usartdriver.o(i.swGetUsartBuff)
    i.system_clock_120m_hxtal                0x08008264   Section        0  system_gd32f30x.o(i.system_clock_120m_hxtal)
    system_clock_120m_hxtal                  0x08008265   Thumb Code   266  system_gd32f30x.o(i.system_clock_120m_hxtal)
    i.system_clock_config                    0x08008380   Section        0  system_gd32f30x.o(i.system_clock_config)
    system_clock_config                      0x08008381   Thumb Code     8  system_gd32f30x.o(i.system_clock_config)
    i.timer_deinit                           0x08008388   Section        0  gd32f30x_timer.o(i.timer_deinit)
    i.timer_enable                           0x08008464   Section        0  gd32f30x_timer.o(i.timer_enable)
    i.timer_init                             0x08008470   Section        0  gd32f30x_timer.o(i.timer_init)
    i.timer_interrupt_enable                 0x08008508   Section        0  gd32f30x_timer.o(i.timer_interrupt_enable)
    i.timer_interrupt_flag_clear             0x08008510   Section        0  gd32f30x_timer.o(i.timer_interrupt_flag_clear)
    i.timer_interrupt_flag_get               0x08008516   Section        0  gd32f30x_timer.o(i.timer_interrupt_flag_get)
    i.timer_struct_para_init                 0x08008532   Section        0  gd32f30x_timer.o(i.timer_struct_para_init)
    i.usart_baudrate_set                     0x08008548   Section        0  gd32f30x_usart.o(i.usart_baudrate_set)
    i.usart_data_receive                     0x080085d8   Section        0  gd32f30x_usart.o(i.usart_data_receive)
    i.usart_deinit                           0x080085e4   Section        0  gd32f30x_usart.o(i.usart_deinit)
    i.usart_dma_receive_config               0x08008674   Section        0  gd32f30x_usart.o(i.usart_dma_receive_config)
    i.usart_dma_transmit_config              0x08008688   Section        0  gd32f30x_usart.o(i.usart_dma_transmit_config)
    i.usart_enable                           0x0800869c   Section        0  gd32f30x_usart.o(i.usart_enable)
    i.usart_flag_get                         0x080086a6   Section        0  gd32f30x_usart.o(i.usart_flag_get)
    i.usart_interrupt_enable                 0x080086c6   Section        0  gd32f30x_usart.o(i.usart_interrupt_enable)
    i.usart_interrupt_flag_get               0x080086e0   Section        0  gd32f30x_usart.o(i.usart_interrupt_flag_get)
    i.usart_receive_config                   0x0800871a   Section        0  gd32f30x_usart.o(i.usart_receive_config)
    i.usart_transmit_config                  0x0800872e   Section        0  gd32f30x_usart.o(i.usart_transmit_config)
    i.uxListRemove                           0x08008742   Section        0  list.o(i.uxListRemove)
    i.vListInitialise                        0x0800876a   Section        0  list.o(i.vListInitialise)
    i.vListInitialiseItem                    0x08008784   Section        0  list.o(i.vListInitialiseItem)
    i.vListInsert                            0x0800878a   Section        0  list.o(i.vListInsert)
    i.vListInsertEnd                         0x080087be   Section        0  list.o(i.vListInsertEnd)
    i.vPortEnterCritical                     0x080087d8   Section        0  port.o(i.vPortEnterCritical)
    i.vPortExitCritical                      0x0800882c   Section        0  port.o(i.vPortExitCritical)
    i.vPortFree                              0x08008868   Section        0  heap_4.o(i.vPortFree)
    i.vPortSetupTimerInterrupt               0x0800890c   Section        0  port.o(i.vPortSetupTimerInterrupt)
    i.vPortValidateInterruptPriority         0x08008934   Section        0  port.o(i.vPortValidateInterruptPriority)
    i.vQueueAddToRegistry                    0x080089ac   Section        0  queue.o(i.vQueueAddToRegistry)
    i.vQueueWaitForMessageRestricted         0x080089d8   Section        0  queue.o(i.vQueueWaitForMessageRestricted)
    i.vTaskDelay                             0x08008a24   Section        0  tasks.o(i.vTaskDelay)
    i.vTaskDelete                            0x08008a80   Section        0  tasks.o(i.vTaskDelete)
    i.vTaskInternalSetTimeOutState           0x08008b74   Section        0  tasks.o(i.vTaskInternalSetTimeOutState)
    i.vTaskMissedYield                       0x08008b8c   Section        0  tasks.o(i.vTaskMissedYield)
    i.vTaskPlaceOnEventList                  0x08008b98   Section        0  tasks.o(i.vTaskPlaceOnEventList)
    i.vTaskPlaceOnEventListRestricted        0x08008bd0   Section        0  tasks.o(i.vTaskPlaceOnEventListRestricted)
    i.vTaskStartScheduler                    0x08008c10   Section        0  tasks.o(i.vTaskStartScheduler)
    i.vTaskSuspendAll                        0x08008ca4   Section        0  tasks.o(i.vTaskSuspendAll)
    i.vTaskSwitchContext                     0x08008cb4   Section        0  tasks.o(i.vTaskSwitchContext)
    i.xPortStartScheduler                    0x08008d40   Section        0  port.o(i.xPortStartScheduler)
    i.xQueueCreateMutex                      0x08008ea8   Section        0  queue.o(i.xQueueCreateMutex)
    i.xQueueGenericCreate                    0x08008eca   Section        0  queue.o(i.xQueueGenericCreate)
    i.xQueueGenericReset                     0x08008f20   Section        0  queue.o(i.xQueueGenericReset)
    i.xQueueGenericSend                      0x08008fb8   Section        0  queue.o(i.xQueueGenericSend)
    i.xQueueGenericSendFromISR               0x08009160   Section        0  queue.o(i.xQueueGenericSendFromISR)
    i.xQueueReceive                          0x0800925c   Section        0  queue.o(i.xQueueReceive)
    i.xTaskCheckForTimeOut                   0x080093c4   Section        0  tasks.o(i.xTaskCheckForTimeOut)
    i.xTaskCreate                            0x08009450   Section        0  tasks.o(i.xTaskCreate)
    i.xTaskGetSchedulerState                 0x080094b0   Section        0  tasks.o(i.xTaskGetSchedulerState)
    i.xTaskGetTickCount                      0x080094d0   Section        0  tasks.o(i.xTaskGetTickCount)
    i.xTaskIncrementTick                     0x080094dc   Section        0  tasks.o(i.xTaskIncrementTick)
    i.xTaskPriorityDisinherit                0x08009624   Section        0  tasks.o(i.xTaskPriorityDisinherit)
    i.xTaskRemoveFromEventList               0x080096ec   Section        0  tasks.o(i.xTaskRemoveFromEventList)
    i.xTaskResumeAll                         0x08009784   Section        0  tasks.o(i.xTaskResumeAll)
    i.xTimerCreateTimerTask                  0x08009888   Section        0  timers.o(i.xTimerCreateTimerTask)
    i.xTimerGenericCommand                   0x080098e0   Section        0  timers.o(i.xTimerGenericCommand)
    .data                                    0x20000000   Section        8  main.o(.data)
    InitTaskHandler                          0x20000000   Data           4  main.o(.data)
    LcdTaskHandler                           0x20000004   Data           4  main.o(.data)
    .data                                    0x20000008   Section       51  24cxx.o(.data)
    .data                                    0x2000003c   Section       16  led.o(.data)
    led_ctrl                                 0x2000003c   Data          16  led.o(.data)
    .data                                    0x2000004c   Section        4  flash.o(.data)
    .data                                    0x20000050   Section       78  usartdriver.o(.data)
    .data                                    0x200000a0   Section        4  system_gd32f30x.o(.data)
    .data                                    0x200000a4   Section       60  tasks.o(.data)
    pxDelayedTaskList                        0x200000a8   Data           4  tasks.o(.data)
    pxOverflowDelayedTaskList                0x200000ac   Data           4  tasks.o(.data)
    uxDeletedTasksWaitingCleanUp             0x200000b0   Data           4  tasks.o(.data)
    uxCurrentNumberOfTasks                   0x200000b4   Data           4  tasks.o(.data)
    xTickCount                               0x200000b8   Data           4  tasks.o(.data)
    uxTopReadyPriority                       0x200000bc   Data           4  tasks.o(.data)
    xSchedulerRunning                        0x200000c0   Data           4  tasks.o(.data)
    xPendedTicks                             0x200000c4   Data           4  tasks.o(.data)
    xYieldPending                            0x200000c8   Data           4  tasks.o(.data)
    xNumOfOverflows                          0x200000cc   Data           4  tasks.o(.data)
    uxTaskNumber                             0x200000d0   Data           4  tasks.o(.data)
    xNextTaskUnblockTime                     0x200000d4   Data           4  tasks.o(.data)
    xIdleTaskHandle                          0x200000d8   Data           4  tasks.o(.data)
    uxSchedulerSuspended                     0x200000dc   Data           4  tasks.o(.data)
    .data                                    0x200000e0   Section       20  timers.o(.data)
    pxCurrentTimerList                       0x200000e0   Data           4  timers.o(.data)
    pxOverflowTimerList                      0x200000e4   Data           4  timers.o(.data)
    xTimerQueue                              0x200000e8   Data           4  timers.o(.data)
    xTimerTaskHandle                         0x200000ec   Data           4  timers.o(.data)
    xLastTime                                0x200000f0   Data           4  timers.o(.data)
    .data                                    0x200000f4   Section       12  port.o(.data)
    uxCriticalNesting                        0x200000f4   Data           4  port.o(.data)
    ucMaxSysCallPriority                     0x200000f8   Data           1  port.o(.data)
    ulMaxPRIGROUPValue                       0x200000fc   Data           4  port.o(.data)
    .data                                    0x20000100   Section       32  heap_4.o(.data)
    xStart                                   0x20000100   Data           8  heap_4.o(.data)
    pxEnd                                    0x20000108   Data           4  heap_4.o(.data)
    xFreeBytesRemaining                      0x2000010c   Data           4  heap_4.o(.data)
    xMinimumEverFreeBytesRemaining           0x20000110   Data           4  heap_4.o(.data)
    xNumberOfSuccessfulAllocations           0x20000114   Data           4  heap_4.o(.data)
    xNumberOfSuccessfulFrees                 0x20000118   Data           4  heap_4.o(.data)
    xBlockAllocatedBit                       0x2000011c   Data           4  heap_4.o(.data)
    .bss                                     0x20000120   Section     4800  usartdriver.o(.bss)
    ubUSART0TXBuff                           0x20000120   Data        3000  usartdriver.o(.bss)
    ubUSART0RXBuff                           0x20000cd8   Data        1500  usartdriver.o(.bss)
    .bss                                     0x200013e0   Section       64  queue.o(.bss)
    .bss                                     0x20001420   Section      420  tasks.o(.bss)
    pxReadyTasksLists                        0x20001420   Data         320  tasks.o(.bss)
    xDelayedTaskList1                        0x20001560   Data          20  tasks.o(.bss)
    xDelayedTaskList2                        0x20001574   Data          20  tasks.o(.bss)
    xPendingReadyList                        0x20001588   Data          20  tasks.o(.bss)
    xTasksWaitingTermination                 0x2000159c   Data          20  tasks.o(.bss)
    xSuspendedTaskList                       0x200015b0   Data          20  tasks.o(.bss)
    .bss                                     0x200015c4   Section       40  timers.o(.bss)
    xActiveTimerList1                        0x200015c4   Data          20  timers.o(.bss)
    xActiveTimerList2                        0x200015d8   Data          20  timers.o(.bss)
    .bss                                     0x200015ec   Section    10240  heap_4.o(.bss)
    ucHeap                                   0x200015ec   Data       10240  heap_4.o(.bss)
    STACK                                    0x20003df0   Section     1024  startup_gd32f30x_hd.o(STACK)

    Global Symbols

    Symbol Name                              Value     Ov Type        Size  Object(Section)

    BuildAttributes$$THM_ISAv4$E$P$D$K$B$S$7EM$VFPi3$EXTD16$VFPS$VFMA$PE$A:L22UL41UL21$X:L11$S22US41US21$IEEE1$IW$USESV6$~STKCKD$USESV7$~SHL$OTIME$ROPI$EBA8$MICROLIB$REQ8$PRES8$EABIv2 0x00000000   Number         0  anon$$obj.o ABSOLUTE
    __ARM_use_no_argv                        0x00000000   Number         0  main.o ABSOLUTE
    __cpp_initialize__aeabi_                  - Undefined Weak Reference
    __cxa_finalize                            - Undefined Weak Reference
    __decompress                              - Undefined Weak Reference
    _clock_init                               - Undefined Weak Reference
    _microlib_exit                            - Undefined Weak Reference
    __Vectors_Size                           0x00000130   Number         0  startup_gd32f30x_hd.o ABSOLUTE
    __Vectors                                0x08006000   Data           4  startup_gd32f30x_hd.o(RESET)
    __Vectors_End                            0x08006130   Data           0  startup_gd32f30x_hd.o(RESET)
    __main                                   0x08006131   Thumb Code     0  entry.o(.ARM.Collect$$$$00000000)
    _main_stk                                0x08006131   Thumb Code     0  entry2.o(.ARM.Collect$$$$00000001)
    _main_scatterload                        0x08006135   Thumb Code     0  entry5.o(.ARM.Collect$$$$00000004)
    __main_after_scatterload                 0x08006139   Thumb Code     0  entry5.o(.ARM.Collect$$$$00000004)
    _main_clock                              0x08006139   Thumb Code     0  entry7b.o(.ARM.Collect$$$$00000008)
    _main_cpp_init                           0x08006139   Thumb Code     0  entry8b.o(.ARM.Collect$$$$0000000A)
    _main_init                               0x08006139   Thumb Code     0  entry9a.o(.ARM.Collect$$$$0000000B)
    __rt_final_cpp                           0x08006141   Thumb Code     0  entry10a.o(.ARM.Collect$$$$0000000D)
    __rt_final_exit                          0x08006141   Thumb Code     0  entry11a.o(.ARM.Collect$$$$0000000F)
    SVC_Handler                              0x08006145   Thumb Code    28  port.o(.emb_text)
    __asm___6_port_c_39a90d8d__prvStartFirstTask 0x08006165   Thumb Code    36  port.o(.emb_text)
    __asm___6_port_c_39a90d8d__prvEnableVFP  0x0800618d   Thumb Code    16  port.o(.emb_text)
    PendSV_Handler                           0x080061a1   Thumb Code    88  port.o(.emb_text)
    vPortGetIPSR                             0x080061fd   Thumb Code     6  port.o(.emb_text)
    Reset_Handler                            0x08006205   Thumb Code     8  startup_gd32f30x_hd.o(.text)
    ADC0_1_IRQHandler                        0x0800621f   Thumb Code     0  startup_gd32f30x_hd.o(.text)
    ADC2_IRQHandler                          0x0800621f   Thumb Code     0  startup_gd32f30x_hd.o(.text)
    CAN0_EWMC_IRQHandler                     0x0800621f   Thumb Code     0  startup_gd32f30x_hd.o(.text)
    CAN0_RX1_IRQHandler                      0x0800621f   Thumb Code     0  startup_gd32f30x_hd.o(.text)
    DMA0_Channel0_IRQHandler                 0x0800621f   Thumb Code     0  startup_gd32f30x_hd.o(.text)
    DMA0_Channel1_IRQHandler                 0x0800621f   Thumb Code     0  startup_gd32f30x_hd.o(.text)
    DMA0_Channel2_IRQHandler                 0x0800621f   Thumb Code     0  startup_gd32f30x_hd.o(.text)
    DMA0_Channel3_IRQHandler                 0x0800621f   Thumb Code     0  startup_gd32f30x_hd.o(.text)
    DMA0_Channel4_IRQHandler                 0x0800621f   Thumb Code     0  startup_gd32f30x_hd.o(.text)
    DMA0_Channel5_IRQHandler                 0x0800621f   Thumb Code     0  startup_gd32f30x_hd.o(.text)
    DMA0_Channel6_IRQHandler                 0x0800621f   Thumb Code     0  startup_gd32f30x_hd.o(.text)
    DMA1_Channel0_IRQHandler                 0x0800621f   Thumb Code     0  startup_gd32f30x_hd.o(.text)
    DMA1_Channel1_IRQHandler                 0x0800621f   Thumb Code     0  startup_gd32f30x_hd.o(.text)
    DMA1_Channel2_IRQHandler                 0x0800621f   Thumb Code     0  startup_gd32f30x_hd.o(.text)
    DMA1_Channel3_4_IRQHandler               0x0800621f   Thumb Code     0  startup_gd32f30x_hd.o(.text)
    EXMC_IRQHandler                          0x0800621f   Thumb Code     0  startup_gd32f30x_hd.o(.text)
    EXTI0_IRQHandler                         0x0800621f   Thumb Code     0  startup_gd32f30x_hd.o(.text)
    EXTI10_15_IRQHandler                     0x0800621f   Thumb Code     0  startup_gd32f30x_hd.o(.text)
    EXTI1_IRQHandler                         0x0800621f   Thumb Code     0  startup_gd32f30x_hd.o(.text)
    EXTI2_IRQHandler                         0x0800621f   Thumb Code     0  startup_gd32f30x_hd.o(.text)
    EXTI3_IRQHandler                         0x0800621f   Thumb Code     0  startup_gd32f30x_hd.o(.text)
    EXTI4_IRQHandler                         0x0800621f   Thumb Code     0  startup_gd32f30x_hd.o(.text)
    EXTI5_9_IRQHandler                       0x0800621f   Thumb Code     0  startup_gd32f30x_hd.o(.text)
    FMC_IRQHandler                           0x0800621f   Thumb Code     0  startup_gd32f30x_hd.o(.text)
    I2C0_ER_IRQHandler                       0x0800621f   Thumb Code     0  startup_gd32f30x_hd.o(.text)
    I2C0_EV_IRQHandler                       0x0800621f   Thumb Code     0  startup_gd32f30x_hd.o(.text)
    I2C1_ER_IRQHandler                       0x0800621f   Thumb Code     0  startup_gd32f30x_hd.o(.text)
    I2C1_EV_IRQHandler                       0x0800621f   Thumb Code     0  startup_gd32f30x_hd.o(.text)
    LVD_IRQHandler                           0x0800621f   Thumb Code     0  startup_gd32f30x_hd.o(.text)
    RCU_CTC_IRQHandler                       0x0800621f   Thumb Code     0  startup_gd32f30x_hd.o(.text)
    RTC_Alarm_IRQHandler                     0x0800621f   Thumb Code     0  startup_gd32f30x_hd.o(.text)
    RTC_IRQHandler                           0x0800621f   Thumb Code     0  startup_gd32f30x_hd.o(.text)
    SDIO_IRQHandler                          0x0800621f   Thumb Code     0  startup_gd32f30x_hd.o(.text)
    SPI0_IRQHandler                          0x0800621f   Thumb Code     0  startup_gd32f30x_hd.o(.text)
    SPI1_IRQHandler                          0x0800621f   Thumb Code     0  startup_gd32f30x_hd.o(.text)
    SPI2_IRQHandler                          0x0800621f   Thumb Code     0  startup_gd32f30x_hd.o(.text)
    TAMPER_IRQHandler                        0x0800621f   Thumb Code     0  startup_gd32f30x_hd.o(.text)
    TIMER0_BRK_IRQHandler                    0x0800621f   Thumb Code     0  startup_gd32f30x_hd.o(.text)
    TIMER0_Channel_IRQHandler                0x0800621f   Thumb Code     0  startup_gd32f30x_hd.o(.text)
    TIMER0_TRG_CMT_IRQHandler                0x0800621f   Thumb Code     0  startup_gd32f30x_hd.o(.text)
    TIMER0_UP_IRQHandler                     0x0800621f   Thumb Code     0  startup_gd32f30x_hd.o(.text)
    TIMER2_IRQHandler                        0x0800621f   Thumb Code     0  startup_gd32f30x_hd.o(.text)
    TIMER3_IRQHandler                        0x0800621f   Thumb Code     0  startup_gd32f30x_hd.o(.text)
    TIMER4_IRQHandler                        0x0800621f   Thumb Code     0  startup_gd32f30x_hd.o(.text)
    TIMER5_IRQHandler                        0x0800621f   Thumb Code     0  startup_gd32f30x_hd.o(.text)
    TIMER6_IRQHandler                        0x0800621f   Thumb Code     0  startup_gd32f30x_hd.o(.text)
    TIMER7_BRK_IRQHandler                    0x0800621f   Thumb Code     0  startup_gd32f30x_hd.o(.text)
    TIMER7_Channel_IRQHandler                0x0800621f   Thumb Code     0  startup_gd32f30x_hd.o(.text)
    TIMER7_TRG_CMT_IRQHandler                0x0800621f   Thumb Code     0  startup_gd32f30x_hd.o(.text)
    TIMER7_UP_IRQHandler                     0x0800621f   Thumb Code     0  startup_gd32f30x_hd.o(.text)
    UART3_IRQHandler                         0x0800621f   Thumb Code     0  startup_gd32f30x_hd.o(.text)
    UART4_IRQHandler                         0x0800621f   Thumb Code     0  startup_gd32f30x_hd.o(.text)
    USBD_HP_CAN0_TX_IRQHandler               0x0800621f   Thumb Code     0  startup_gd32f30x_hd.o(.text)
    USBD_LP_CAN0_RX0_IRQHandler              0x0800621f   Thumb Code     0  startup_gd32f30x_hd.o(.text)
    USBD_WKUP_IRQHandler                     0x0800621f   Thumb Code     0  startup_gd32f30x_hd.o(.text)
    WWDGT_IRQHandler                         0x0800621f   Thumb Code     0  startup_gd32f30x_hd.o(.text)
    __aeabi_memcpy                           0x08006229   Thumb Code    36  memcpya.o(.text)
    __aeabi_memcpy4                          0x08006229   Thumb Code     0  memcpya.o(.text)
    __aeabi_memcpy8                          0x08006229   Thumb Code     0  memcpya.o(.text)
    __aeabi_memset                           0x0800624d   Thumb Code    14  memseta.o(.text)
    __aeabi_memset4                          0x0800624d   Thumb Code     0  memseta.o(.text)
    __aeabi_memset8                          0x0800624d   Thumb Code     0  memseta.o(.text)
    __aeabi_memclr                           0x0800625b   Thumb Code     4  memseta.o(.text)
    __aeabi_memclr4                          0x0800625b   Thumb Code     0  memseta.o(.text)
    __aeabi_memclr8                          0x0800625b   Thumb Code     0  memseta.o(.text)
    memset                                   0x0800625f   Thumb Code    18  memseta.o(.text)
    __scatterload                            0x08006271   Thumb Code    28  init.o(.text)
    __scatterload_rt2                        0x08006271   Thumb Code     0  init.o(.text)
    AT24CXX_Init                             0x08006295   Thumb Code    20  24cxx.o(i.AT24CXX_Init)
    BusFault_Handler                         0x080062b1   Thumb Code     4  gd32f30x_it.o(i.BusFault_Handler)
    DebugMon_Handler                         0x080062b5   Thumb Code     2  gd32f30x_it.o(i.DebugMon_Handler)
    GDFLASH_Init                             0x080062b9   Thumb Code    26  flash.o(i.GDFLASH_Init)
    HardFault_Handler                        0x080062d9   Thumb Code     4  gd32f30x_it.o(i.HardFault_Handler)
    IIC_Init                                 0x080062dd   Thumb Code    36  simulationiicdriver.o(i.IIC_Init)
    Led_set_mode                             0x08006325   Thumb Code    44  led.o(i.Led_set_mode)
    MemManage_Handler                        0x08006355   Thumb Code     4  gd32f30x_it.o(i.MemManage_Handler)
    NMI_Handler                              0x08006359   Thumb Code     2  gd32f30x_it.o(i.NMI_Handler)
    SysTick_Handler                          0x08006375   Thumb Code    46  port.o(i.SysTick_Handler)
    SystemInit                               0x080063a9   Thumb Code   316  system_gd32f30x.o(i.SystemInit)
    TIMER1_IRQHandler                        0x080064f1   Thumb Code    24  timerdriver.o(i.TIMER1_IRQHandler)
    USART0_IRQHandler                        0x08006509   Thumb Code    94  usartdriver.o(i.USART0_IRQHandler)
    USART1_IRQHandler                        0x08006571   Thumb Code    94  usartdriver.o(i.USART1_IRQHandler)
    USART2_IRQHandler                        0x080065d9   Thumb Code    94  usartdriver.o(i.USART2_IRQHandler)
    UsageFault_Handler                       0x08006641   Thumb Code     4  gd32f30x_it.o(i.UsageFault_Handler)
    __scatterload_copy                       0x08006645   Thumb Code    14  handlers.o(i.__scatterload_copy)
    __scatterload_null                       0x08006653   Thumb Code     2  handlers.o(i.__scatterload_null)
    __scatterload_zeroinit                   0x08006655   Thumb Code    14  handlers.o(i.__scatterload_zeroinit)
    adc_calibration_enable                   0x0800667f   Thumb Code    42  gd32f30x_adc.o(i.adc_calibration_enable)
    adc_channel_length_config                0x080066a9   Thumb Code    70  gd32f30x_adc.o(i.adc_channel_length_config)
    adc_data_alignment_config                0x080066ef   Thumb Code    22  gd32f30x_adc.o(i.adc_data_alignment_config)
    adc_enable                               0x08006705   Thumb Code    18  gd32f30x_adc.o(i.adc_enable)
    adc_external_trigger_config              0x08006717   Thumb Code    62  gd32f30x_adc.o(i.adc_external_trigger_config)
    adc_external_trigger_source_config       0x08006755   Thumb Code    48  gd32f30x_adc.o(i.adc_external_trigger_source_config)
    adc_mode_config                          0x08006785   Thumb Code    22  gd32f30x_adc.o(i.adc_mode_config)
    dma_channel_disable                      0x080067a1   Thumb Code    50  gd32f30x_dma.o(i.dma_channel_disable)
    dma_channel_enable                       0x080067d3   Thumb Code    50  gd32f30x_dma.o(i.dma_channel_enable)
    dma_circulation_disable                  0x08006805   Thumb Code    50  gd32f30x_dma.o(i.dma_circulation_disable)
    dma_deinit                               0x08006837   Thumb Code   112  gd32f30x_dma.o(i.dma_deinit)
    dma_init                                 0x080068a7   Thumb Code   302  gd32f30x_dma.o(i.dma_init)
    dma_struct_para_init                     0x080069ed   Thumb Code    28  gd32f30x_dma.o(i.dma_struct_para_init)
    dma_transfer_number_config               0x08006a09   Thumb Code    38  gd32f30x_dma.o(i.dma_transfer_number_config)
    dma_transfer_number_get                  0x08006a2f   Thumb Code    34  gd32f30x_dma.o(i.dma_transfer_number_get)
    gpio_bit_reset                           0x08006a51   Thumb Code     4  gd32f30x_gpio.o(i.gpio_bit_reset)
    gpio_bit_set                             0x08006a55   Thumb Code     4  gd32f30x_gpio.o(i.gpio_bit_set)
    gpio_init                                0x08006a59   Thumb Code   188  gd32f30x_gpio.o(i.gpio_init)
    gpio_pin_remap_config                    0x08006b15   Thumb Code   138  gd32f30x_gpio.o(i.gpio_pin_remap_config)
    init_task                                0x08006bc5   Thumb Code    70  main.o(i.init_task)
    main                                     0x08006c21   Thumb Code    54  main.o(i.main)
    nvic_irq_enable                          0x08006c69   Thumb Code   254  gd32f30x_misc.o(i.nvic_irq_enable)
    nvic_priority_group_set                  0x08006d71   Thumb Code    10  gd32f30x_misc.o(i.nvic_priority_group_set)
    nvic_vector_table_set                    0x08006d85   Thumb Code    16  gd32f30x_misc.o(i.nvic_vector_table_set)
    pvPortMalloc                             0x08007785   Thumb Code   306  heap_4.o(i.pvPortMalloc)
    pxPortInitialiseStack                    0x080078d1   Thumb Code    38  port.o(i.pxPortInitialiseStack)
    rcu_clock_freq_get                       0x080078fd   Thumb Code   310  gd32f30x_rcu.o(i.rcu_clock_freq_get)
    rcu_periph_clock_enable                  0x08007a55   Thumb Code    28  gd32f30x_rcu.o(i.rcu_periph_clock_enable)
    rcu_periph_reset_disable                 0x08007a75   Thumb Code    28  gd32f30x_rcu.o(i.rcu_periph_reset_disable)
    rcu_periph_reset_enable                  0x08007a95   Thumb Code    28  gd32f30x_rcu.o(i.rcu_periph_reset_enable)
    sLcdTask                                 0x08007e61   Thumb Code    10  main.o(i.sLcdTask)
    sMy_DelayMs                              0x08007e6b   Thumb Code    24  mydelay.o(i.sMy_DelayMs)
    sMy_DelayUs                              0x08007e83   Thumb Code    24  mydelay.o(i.sMy_DelayUs)
    sStartMcu                                0x08007ec9   Thumb Code    34  initmcu.o(i.sStartMcu)
    sUsartDriver_Start                       0x08007ef9   Thumb Code    58  usartdriver.o(i.sUsartDriver_Start)
    sbAdcDriver_Init                         0x08007f41   Thumb Code    78  adcdriver.o(i.sbAdcDriver_Init)
    sbInitGpioConfig                         0x08007f95   Thumb Code   448  initmcu.o(i.sbInitGpioConfig)
    sbInitMcu                                0x08008165   Thumb Code    30  initmcu.o(i.sbInitMcu)
    sbSPIDriver_Init                         0x08008183   Thumb Code    10  spidriver.o(i.sbSPIDriver_Init)
    sbTimer1_Init                            0x0800818d   Thumb Code    86  timerdriver.o(i.sbTimer1_Init)
    sbUsartDriver_Init                       0x080081e3   Thumb Code    18  usartdriver.o(i.sbUsartDriver_Init)
    spi_enable                               0x080081f5   Thumb Code    10  gd32f30x_spi.o(i.spi_enable)
    spi_init                                 0x080081ff   Thumb Code    50  gd32f30x_spi.o(i.spi_init)
    timer_deinit                             0x08008389   Thumb Code   210  gd32f30x_timer.o(i.timer_deinit)
    timer_enable                             0x08008465   Thumb Code    10  gd32f30x_timer.o(i.timer_enable)
    timer_init                               0x08008471   Thumb Code   122  gd32f30x_timer.o(i.timer_init)
    timer_interrupt_enable                   0x08008509   Thumb Code     8  gd32f30x_timer.o(i.timer_interrupt_enable)
    timer_interrupt_flag_clear               0x08008511   Thumb Code     6  gd32f30x_timer.o(i.timer_interrupt_flag_clear)
    timer_interrupt_flag_get                 0x08008517   Thumb Code    28  gd32f30x_timer.o(i.timer_interrupt_flag_get)
    timer_struct_para_init                   0x08008533   Thumb Code    22  gd32f30x_timer.o(i.timer_struct_para_init)
    usart_baudrate_set                       0x08008549   Thumb Code   136  gd32f30x_usart.o(i.usart_baudrate_set)
    usart_data_receive                       0x080085d9   Thumb Code    10  gd32f30x_usart.o(i.usart_data_receive)
    usart_deinit                             0x080085e5   Thumb Code   136  gd32f30x_usart.o(i.usart_deinit)
    usart_dma_receive_config                 0x08008675   Thumb Code    20  gd32f30x_usart.o(i.usart_dma_receive_config)
    usart_dma_transmit_config                0x08008689   Thumb Code    20  gd32f30x_usart.o(i.usart_dma_transmit_config)
    usart_enable                             0x0800869d   Thumb Code    10  gd32f30x_usart.o(i.usart_enable)
    usart_flag_get                           0x080086a7   Thumb Code    32  gd32f30x_usart.o(i.usart_flag_get)
    usart_interrupt_enable                   0x080086c7   Thumb Code    26  gd32f30x_usart.o(i.usart_interrupt_enable)
    usart_interrupt_flag_get                 0x080086e1   Thumb Code    58  gd32f30x_usart.o(i.usart_interrupt_flag_get)
    usart_receive_config                     0x0800871b   Thumb Code    20  gd32f30x_usart.o(i.usart_receive_config)
    usart_transmit_config                    0x0800872f   Thumb Code    20  gd32f30x_usart.o(i.usart_transmit_config)
    uxListRemove                             0x08008743   Thumb Code    40  list.o(i.uxListRemove)
    vListInitialise                          0x0800876b   Thumb Code    26  list.o(i.vListInitialise)
    vListInitialiseItem                      0x08008785   Thumb Code     6  list.o(i.vListInitialiseItem)
    vListInsert                              0x0800878b   Thumb Code    52  list.o(i.vListInsert)
    vListInsertEnd                           0x080087bf   Thumb Code    24  list.o(i.vListInsertEnd)
    vPortEnterCritical                       0x080087d9   Thumb Code    76  port.o(i.vPortEnterCritical)
    vPortExitCritical                        0x0800882d   Thumb Code    56  port.o(i.vPortExitCritical)
    vPortFree                                0x08008869   Thumb Code   150  heap_4.o(i.vPortFree)
    vPortSetupTimerInterrupt                 0x0800890d   Thumb Code    36  port.o(i.vPortSetupTimerInterrupt)
    vPortValidateInterruptPriority           0x08008935   Thumb Code   106  port.o(i.vPortValidateInterruptPriority)
    vQueueAddToRegistry                      0x080089ad   Thumb Code    38  queue.o(i.vQueueAddToRegistry)
    vQueueWaitForMessageRestricted           0x080089d9   Thumb Code    74  queue.o(i.vQueueWaitForMessageRestricted)
    vTaskDelay                               0x08008a25   Thumb Code    82  tasks.o(i.vTaskDelay)
    vTaskDelete                              0x08008a81   Thumb Code   202  tasks.o(i.vTaskDelete)
    vTaskInternalSetTimeOutState             0x08008b75   Thumb Code    14  tasks.o(i.vTaskInternalSetTimeOutState)
    vTaskMissedYield                         0x08008b8d   Thumb Code     8  tasks.o(i.vTaskMissedYield)
    vTaskPlaceOnEventList                    0x08008b99   Thumb Code    52  tasks.o(i.vTaskPlaceOnEventList)
    vTaskPlaceOnEventListRestricted          0x08008bd1   Thumb Code    60  tasks.o(i.vTaskPlaceOnEventListRestricted)
    vTaskStartScheduler                      0x08008c11   Thumb Code   118  tasks.o(i.vTaskStartScheduler)
    vTaskSuspendAll                          0x08008ca5   Thumb Code    12  tasks.o(i.vTaskSuspendAll)
    vTaskSwitchContext                       0x08008cb5   Thumb Code   118  tasks.o(i.vTaskSwitchContext)
    xPortStartScheduler                      0x08008d41   Thumb Code   330  port.o(i.xPortStartScheduler)
    xQueueCreateMutex                        0x08008ea9   Thumb Code    34  queue.o(i.xQueueCreateMutex)
    xQueueGenericCreate                      0x08008ecb   Thumb Code    84  queue.o(i.xQueueGenericCreate)
    xQueueGenericReset                       0x08008f21   Thumb Code   146  queue.o(i.xQueueGenericReset)
    xQueueGenericSend                        0x08008fb9   Thumb Code   420  queue.o(i.xQueueGenericSend)
    xQueueGenericSendFromISR                 0x08009161   Thumb Code   252  queue.o(i.xQueueGenericSendFromISR)
    xQueueReceive                            0x0800925d   Thumb Code   356  queue.o(i.xQueueReceive)
    xTaskCheckForTimeOut                     0x080093c5   Thumb Code   132  tasks.o(i.xTaskCheckForTimeOut)
    xTaskCreate                              0x08009451   Thumb Code    96  tasks.o(i.xTaskCreate)
    xTaskGetSchedulerState                   0x080094b1   Thumb Code    24  tasks.o(i.xTaskGetSchedulerState)
    xTaskGetTickCount                        0x080094d1   Thumb Code     6  tasks.o(i.xTaskGetTickCount)
    xTaskIncrementTick                       0x080094dd   Thumb Code   282  tasks.o(i.xTaskIncrementTick)
    xTaskPriorityDisinherit                  0x08009625   Thumb Code   188  tasks.o(i.xTaskPriorityDisinherit)
    xTaskRemoveFromEventList                 0x080096ed   Thumb Code   128  tasks.o(i.xTaskRemoveFromEventList)
    xTaskResumeAll                           0x08009785   Thumb Code   224  tasks.o(i.xTaskResumeAll)
    xTimerCreateTimerTask                    0x08009889   Thumb Code    66  timers.o(i.xTimerCreateTimerTask)
    xTimerGenericCommand                     0x080098e1   Thumb Code   126  timers.o(i.xTimerGenericCommand)
    Region$$Table$$Base                      0x08009964   Number         0  anon$$obj.o(Region$$Table)
    Region$$Table$$Limit                     0x08009984   Number         0  anon$$obj.o(Region$$Table)
    tEeI2c                                   0x20000008   Data          20  24cxx.o(.data)
    xMutex_24cxx                             0x2000001c   Data           4  24cxx.o(.data)
    eeprom_text_buffer                       0x20000020   Data          27  24cxx.o(.data)
    xMutex_Flash                             0x2000004c   Data           4  flash.o(.data)
    UsartBuff                                0x20000050   Data          78  usartdriver.o(.data)
    SystemCoreClock                          0x200000a0   Data           4  system_gd32f30x.o(.data)
    pxCurrentTCB                             0x200000a4   Data           4  tasks.o(.data)
    ubUSART2TXBuff                           0x200012b4   Data         150  usartdriver.o(.bss)
    ubUSART2RXBuff                           0x2000134a   Data         150  usartdriver.o(.bss)
    xQueueRegistry                           0x200013e0   Data          64  queue.o(.bss)
    __initial_sp                             0x200041f0   Data           0  startup_gd32f30x_hd.o(STACK)



==============================================================================

Memory Map of the image

  Image Entry point : 0x08006131

  Load Region LR_IROM1 (Base: 0x08006000, Size: 0x00003aa4, Max: 0x00070000, ABSOLUTE)

    Execution Region ER_IROM1 (Exec base: 0x08006000, Load base: 0x08006000, Size: 0x00003984, Max: 0x00070000, ABSOLUTE)

    Exec Addr    Load Addr    Size         Type   Attr      Idx    E Section Name        Object

    0x08006000   0x08006000   0x00000130   Data   RO         1106    RESET               startup_gd32f30x_hd.o
    0x08006130   0x08006130   0x00000000   Code   RO         6293  * .ARM.Collect$$$$00000000  mc_w.l(entry.o)
    0x08006130   0x08006130   0x00000004   Code   RO         6314    .ARM.Collect$$$$00000001  mc_w.l(entry2.o)
    0x08006134   0x08006134   0x00000004   Code   RO         6317    .ARM.Collect$$$$00000004  mc_w.l(entry5.o)
    0x08006138   0x08006138   0x00000000   Code   RO         6319    .ARM.Collect$$$$00000008  mc_w.l(entry7b.o)
    0x08006138   0x08006138   0x00000000   Code   RO         6321    .ARM.Collect$$$$0000000A  mc_w.l(entry8b.o)
    0x08006138   0x08006138   0x00000008   Code   RO         6322    .ARM.Collect$$$$0000000B  mc_w.l(entry9a.o)
    0x08006140   0x08006140   0x00000000   Code   RO         6324    .ARM.Collect$$$$0000000D  mc_w.l(entry10a.o)
    0x08006140   0x08006140   0x00000000   Code   RO         6326    .ARM.Collect$$$$0000000F  mc_w.l(entry11a.o)
    0x08006140   0x08006140   0x00000004   Code   RO         6315    .ARM.Collect$$$$00002712  mc_w.l(entry2.o)
    0x08006144   0x08006144   0x000000be   Code   RO         6161    .emb_text           port.o
    0x08006202   0x08006202   0x00000002   PAD
    0x08006204   0x08006204   0x00000024   Code   RO         1107    .text               startup_gd32f30x_hd.o
    0x08006228   0x08006228   0x00000024   Code   RO         6296    .text               mc_w.l(memcpya.o)
    0x0800624c   0x0800624c   0x00000024   Code   RO         6300    .text               mc_w.l(memseta.o)
    0x08006270   0x08006270   0x00000024   Code   RO         6333    .text               mc_w.l(init.o)
    0x08006294   0x08006294   0x0000001c   Code   RO          368    i.AT24CXX_Init      24cxx.o
    0x080062b0   0x080062b0   0x00000004   Code   RO          733    i.BusFault_Handler  gd32f30x_it.o
    0x080062b4   0x080062b4   0x00000002   Code   RO          734    i.DebugMon_Handler  gd32f30x_it.o
    0x080062b6   0x080062b6   0x00000002   PAD
    0x080062b8   0x080062b8   0x00000020   Code   RO          667    i.GDFLASH_Init      flash.o
    0x080062d8   0x080062d8   0x00000004   Code   RO          735    i.HardFault_Handler  gd32f30x_it.o
    0x080062dc   0x080062dc   0x00000024   Code   RO          828    i.IIC_Init          simulationiicdriver.o
    0x08006300   0x08006300   0x0000000e   Code   RO          832    i.IIC_SCL_1         simulationiicdriver.o
    0x0800630e   0x0800630e   0x00000014   Code   RO          834    i.IIC_SDA_1         simulationiicdriver.o
    0x08006322   0x08006322   0x00000002   PAD
    0x08006324   0x08006324   0x00000030   Code   RO          567    i.Led_set_mode      led.o
    0x08006354   0x08006354   0x00000004   Code   RO          736    i.MemManage_Handler  gd32f30x_it.o
    0x08006358   0x08006358   0x00000002   Code   RO          737    i.NMI_Handler       gd32f30x_it.o
    0x0800635a   0x0800635a   0x00000018   Code   RO          840    i.SDA_OUT           simulationiicdriver.o
    0x08006372   0x08006372   0x00000002   PAD
    0x08006374   0x08006374   0x00000034   Code   RO         6162    i.SysTick_Handler   port.o
    0x080063a8   0x080063a8   0x00000148   Code   RO         1114    i.SystemInit        system_gd32f30x.o
    0x080064f0   0x080064f0   0x00000018   Code   RO         1080    i.TIMER1_IRQHandler  timerdriver.o
    0x08006508   0x08006508   0x00000068   Code   RO          929    i.USART0_IRQHandler  usartdriver.o
    0x08006570   0x08006570   0x00000068   Code   RO          930    i.USART1_IRQHandler  usartdriver.o
    0x080065d8   0x080065d8   0x00000068   Code   RO          931    i.USART2_IRQHandler  usartdriver.o
    0x08006640   0x08006640   0x00000004   Code   RO          739    i.UsageFault_Handler  gd32f30x_it.o
    0x08006644   0x08006644   0x0000000e   Code   RO         6341    i.__scatterload_copy  mc_w.l(handlers.o)
    0x08006652   0x08006652   0x00000002   Code   RO         6342    i.__scatterload_null  mc_w.l(handlers.o)
    0x08006654   0x08006654   0x0000000e   Code   RO         6343    i.__scatterload_zeroinit  mc_w.l(handlers.o)
    0x08006662   0x08006662   0x0000001c   Code   RO         1115    i._soft_delay_      system_gd32f30x.o
    0x0800667e   0x0800667e   0x0000002a   Code   RO         1166    i.adc_calibration_enable  gd32f30x_adc.o
    0x080066a8   0x080066a8   0x00000046   Code   RO         1167    i.adc_channel_length_config  gd32f30x_adc.o
    0x080066ee   0x080066ee   0x00000016   Code   RO         1168    i.adc_data_alignment_config  gd32f30x_adc.o
    0x08006704   0x08006704   0x00000012   Code   RO         1174    i.adc_enable        gd32f30x_adc.o
    0x08006716   0x08006716   0x0000003e   Code   RO         1175    i.adc_external_trigger_config  gd32f30x_adc.o
    0x08006754   0x08006754   0x00000030   Code   RO         1176    i.adc_external_trigger_source_config  gd32f30x_adc.o
    0x08006784   0x08006784   0x0000001c   Code   RO         1186    i.adc_mode_config   gd32f30x_adc.o
    0x080067a0   0x080067a0   0x00000032   Code   RO         2107    i.dma_channel_disable  gd32f30x_dma.o
    0x080067d2   0x080067d2   0x00000032   Code   RO         2108    i.dma_channel_enable  gd32f30x_dma.o
    0x08006804   0x08006804   0x00000032   Code   RO         2109    i.dma_circulation_disable  gd32f30x_dma.o
    0x08006836   0x08006836   0x00000070   Code   RO         2111    i.dma_deinit        gd32f30x_dma.o
    0x080068a6   0x080068a6   0x0000012e   Code   RO         2114    i.dma_init          gd32f30x_dma.o
    0x080069d4   0x080069d4   0x00000018   Code   RO         2126    i.dma_periph_and_channel_check  gd32f30x_dma.o
    0x080069ec   0x080069ec   0x0000001c   Code   RO         2131    i.dma_struct_para_init  gd32f30x_dma.o
    0x08006a08   0x08006a08   0x00000026   Code   RO         2133    i.dma_transfer_number_config  gd32f30x_dma.o
    0x08006a2e   0x08006a2e   0x00000022   Code   RO         2134    i.dma_transfer_number_get  gd32f30x_dma.o
    0x08006a50   0x08006a50   0x00000004   Code   RO         2833    i.gpio_bit_reset    gd32f30x_gpio.o
    0x08006a54   0x08006a54   0x00000004   Code   RO         2834    i.gpio_bit_set      gd32f30x_gpio.o
    0x08006a58   0x08006a58   0x000000bc   Code   RO         2843    i.gpio_init         gd32f30x_gpio.o
    0x08006b14   0x08006b14   0x00000090   Code   RO         2849    i.gpio_pin_remap_config  gd32f30x_gpio.o
    0x08006ba4   0x08006ba4   0x00000020   Code   RO          570    i.hardware_led_set  led.o
    0x08006bc4   0x08006bc4   0x0000005c   Code   RO            4    i.init_task         main.o
    0x08006c20   0x08006c20   0x00000048   Code   RO            5    i.main              main.o
    0x08006c68   0x08006c68   0x00000108   Code   RO         3167    i.nvic_irq_enable   gd32f30x_misc.o
    0x08006d70   0x08006d70   0x00000014   Code   RO         3168    i.nvic_priority_group_set  gd32f30x_misc.o
    0x08006d84   0x08006d84   0x00000018   Code   RO         3169    i.nvic_vector_table_set  gd32f30x_misc.o
    0x08006d9c   0x08006d9c   0x00000098   Code   RO         5623    i.prvAddCurrentTaskToDelayedList  tasks.o
    0x08006e34   0x08006e34   0x000000b8   Code   RO         5624    i.prvAddNewTaskToReadyList  tasks.o
    0x08006eec   0x08006eec   0x00000064   Code   RO         6004    i.prvCheckForValidListAndQueue  timers.o
    0x08006f50   0x08006f50   0x00000048   Code   RO         5625    i.prvCheckTasksWaitingTermination  tasks.o
    0x08006f98   0x08006f98   0x0000002a   Code   RO         5249    i.prvCopyDataFromQueue  queue.o
    0x08006fc2   0x08006fc2   0x0000007e   Code   RO         5250    i.prvCopyDataToQueue  queue.o
    0x08007040   0x08007040   0x00000012   Code   RO         5626    i.prvDeleteTCB      tasks.o
    0x08007052   0x08007052   0x00000002   PAD
    0x08007054   0x08007054   0x00000028   Code   RO         6005    i.prvGetNextExpireTime  timers.o
    0x0800707c   0x0800707c   0x0000007c   Code   RO         6238    i.prvHeapInit       heap_4.o
    0x080070f8   0x080070f8   0x00000028   Code   RO         5627    i.prvIdleTask       tasks.o
    0x08007120   0x08007120   0x0000001e   Code   RO         5252    i.prvInitialiseMutex  queue.o
    0x0800713e   0x0800713e   0x0000002a   Code   RO         5253    i.prvInitialiseNewQueue  queue.o
    0x08007168   0x08007168   0x000000be   Code   RO         5628    i.prvInitialiseNewTask  tasks.o
    0x08007226   0x08007226   0x00000002   PAD
    0x08007228   0x08007228   0x00000068   Code   RO         5629    i.prvInitialiseTaskLists  tasks.o
    0x08007290   0x08007290   0x00000068   Code   RO         6239    i.prvInsertBlockIntoFreeList  heap_4.o
    0x080072f8   0x080072f8   0x00000058   Code   RO         6007    i.prvInsertTimerInActiveList  timers.o
    0x08007350   0x08007350   0x0000001a   Code   RO         5254    i.prvIsQueueEmpty   queue.o
    0x0800736a   0x0800736a   0x0000001e   Code   RO         5255    i.prvIsQueueFull    queue.o
    0x08007388   0x08007388   0x00000074   Code   RO         6008    i.prvProcessExpiredTimer  timers.o
    0x080073fc   0x080073fc   0x00000138   Code   RO         6009    i.prvProcessReceivedCommands  timers.o
    0x08007534   0x08007534   0x00000074   Code   RO         6010    i.prvProcessTimerOrBlockTask  timers.o
    0x080075a8   0x080075a8   0x00000034   Code   RO         5631    i.prvResetNextTaskUnblockTime  tasks.o
    0x080075dc   0x080075dc   0x0000002c   Code   RO         6011    i.prvSampleTimeNow  timers.o
    0x08007608   0x08007608   0x000000a4   Code   RO         6012    i.prvSwitchTimerLists  timers.o
    0x080076ac   0x080076ac   0x00000040   Code   RO         6163    i.prvTaskExitError  port.o
    0x080076ec   0x080076ec   0x0000001a   Code   RO         6013    i.prvTimerTask      timers.o
    0x08007706   0x08007706   0x0000007e   Code   RO         5256    i.prvUnlockQueue    queue.o
    0x08007784   0x08007784   0x0000014c   Code   RO         6240    i.pvPortMalloc      heap_4.o
    0x080078d0   0x080078d0   0x0000002c   Code   RO         6164    i.pxPortInitialiseStack  port.o
    0x080078fc   0x080078fc   0x00000158   Code   RO         3406    i.rcu_clock_freq_get  gd32f30x_rcu.o
    0x08007a54   0x08007a54   0x00000020   Code   RO         3424    i.rcu_periph_clock_enable  gd32f30x_rcu.o
    0x08007a74   0x08007a74   0x00000020   Code   RO         3427    i.rcu_periph_reset_disable  gd32f30x_rcu.o
    0x08007a94   0x08007a94   0x00000020   Code   RO         3428    i.rcu_periph_reset_enable  gd32f30x_rcu.o
    0x08007ab4   0x08007ab4   0x00000040   Code   RO         1020    i.sInitSpi2         spidriver.o
    0x08007af4   0x08007af4   0x00000124   Code   RO          932    i.sInitUsart0       usartdriver.o
    0x08007c18   0x08007c18   0x00000124   Code   RO          933    i.sInitUsart1       usartdriver.o
    0x08007d3c   0x08007d3c   0x00000124   Code   RO          934    i.sInitUsart2       usartdriver.o
    0x08007e60   0x08007e60   0x0000000a   Code   RO            6    i.sLcdTask          main.o
    0x08007e6a   0x08007e6a   0x00000018   Code   RO          338    i.sMy_DelayMs       mydelay.o
    0x08007e82   0x08007e82   0x00000018   Code   RO          339    i.sMy_DelayUs       mydelay.o
    0x08007e9a   0x08007e9a   0x0000002e   Code   RO          935    i.sResetUsartDma    usartdriver.o
    0x08007ec8   0x08007ec8   0x00000030   Code   RO          626    i.sStartMcu         initmcu.o
    0x08007ef8   0x08007ef8   0x00000048   Code   RO          938    i.sUsartDriver_Start  usartdriver.o
    0x08007f40   0x08007f40   0x00000054   Code   RO         1055    i.sbAdcDriver_Init  adcdriver.o
    0x08007f94   0x08007f94   0x000001d0   Code   RO          627    i.sbInitGpioConfig  initmcu.o
    0x08008164   0x08008164   0x0000001e   Code   RO          628    i.sbInitMcu         initmcu.o
    0x08008182   0x08008182   0x0000000a   Code   RO         1021    i.sbSPIDriver_Init  spidriver.o
    0x0800818c   0x0800818c   0x00000056   Code   RO         1081    i.sbTimer1_Init     timerdriver.o
    0x080081e2   0x080081e2   0x00000012   Code   RO          939    i.sbUsartDriver_Init  usartdriver.o
    0x080081f4   0x080081f4   0x0000000a   Code   RO         4042    i.spi_enable        gd32f30x_spi.o
    0x080081fe   0x080081fe   0x00000032   Code   RO         4052    i.spi_init          gd32f30x_spi.o
    0x08008230   0x08008230   0x00000034   Code   RO          941    i.swGetUsartBuff    usartdriver.o
    0x08008264   0x08008264   0x0000011c   Code   RO         1117    i.system_clock_120m_hxtal  system_gd32f30x.o
    0x08008380   0x08008380   0x00000008   Code   RO         1118    i.system_clock_config  system_gd32f30x.o
    0x08008388   0x08008388   0x000000dc   Code   RO         4318    i.timer_deinit      gd32f30x_timer.o
    0x08008464   0x08008464   0x0000000a   Code   RO         4323    i.timer_enable      gd32f30x_timer.o
    0x0800846e   0x0800846e   0x00000002   PAD
    0x08008470   0x08008470   0x00000098   Code   RO         4333    i.timer_init        gd32f30x_timer.o
    0x08008508   0x08008508   0x00000008   Code   RO         4340    i.timer_interrupt_enable  gd32f30x_timer.o
    0x08008510   0x08008510   0x00000006   Code   RO         4341    i.timer_interrupt_flag_clear  gd32f30x_timer.o
    0x08008516   0x08008516   0x0000001c   Code   RO         4342    i.timer_interrupt_flag_get  gd32f30x_timer.o
    0x08008532   0x08008532   0x00000016   Code   RO         4353    i.timer_struct_para_init  gd32f30x_timer.o
    0x08008548   0x08008548   0x00000090   Code   RO         4728    i.usart_baudrate_set  gd32f30x_usart.o
    0x080085d8   0x080085d8   0x0000000a   Code   RO         4731    i.usart_data_receive  gd32f30x_usart.o
    0x080085e2   0x080085e2   0x00000002   PAD
    0x080085e4   0x080085e4   0x00000090   Code   RO         4733    i.usart_deinit      gd32f30x_usart.o
    0x08008674   0x08008674   0x00000014   Code   RO         4735    i.usart_dma_receive_config  gd32f30x_usart.o
    0x08008688   0x08008688   0x00000014   Code   RO         4736    i.usart_dma_transmit_config  gd32f30x_usart.o
    0x0800869c   0x0800869c   0x0000000a   Code   RO         4737    i.usart_enable      gd32f30x_usart.o
    0x080086a6   0x080086a6   0x00000020   Code   RO         4739    i.usart_flag_get    gd32f30x_usart.o
    0x080086c6   0x080086c6   0x0000001a   Code   RO         4746    i.usart_interrupt_enable  gd32f30x_usart.o
    0x080086e0   0x080086e0   0x0000003a   Code   RO         4748    i.usart_interrupt_flag_get  gd32f30x_usart.o
    0x0800871a   0x0800871a   0x00000014   Code   RO         4761    i.usart_receive_config  gd32f30x_usart.o
    0x0800872e   0x0800872e   0x00000014   Code   RO         4775    i.usart_transmit_config  gd32f30x_usart.o
    0x08008742   0x08008742   0x00000028   Code   RO         5209    i.uxListRemove      list.o
    0x0800876a   0x0800876a   0x0000001a   Code   RO         5210    i.vListInitialise   list.o
    0x08008784   0x08008784   0x00000006   Code   RO         5211    i.vListInitialiseItem  list.o
    0x0800878a   0x0800878a   0x00000034   Code   RO         5212    i.vListInsert       list.o
    0x080087be   0x080087be   0x00000018   Code   RO         5213    i.vListInsertEnd    list.o
    0x080087d6   0x080087d6   0x00000002   PAD
    0x080087d8   0x080087d8   0x00000054   Code   RO         6166    i.vPortEnterCritical  port.o
    0x0800882c   0x0800882c   0x0000003c   Code   RO         6167    i.vPortExitCritical  port.o
    0x08008868   0x08008868   0x000000a4   Code   RO         6241    i.vPortFree         heap_4.o
    0x0800890c   0x0800890c   0x00000028   Code   RO         6168    i.vPortSetupTimerInterrupt  port.o
    0x08008934   0x08008934   0x00000078   Code   RO         6169    i.vPortValidateInterruptPriority  port.o
    0x080089ac   0x080089ac   0x0000002c   Code   RO         5262    i.vQueueAddToRegistry  queue.o
    0x080089d8   0x080089d8   0x0000004a   Code   RO         5266    i.vQueueWaitForMessageRestricted  queue.o
    0x08008a22   0x08008a22   0x00000002   PAD
    0x08008a24   0x08008a24   0x0000005c   Code   RO         5645    i.vTaskDelay        tasks.o
    0x08008a80   0x08008a80   0x000000f4   Code   RO         5647    i.vTaskDelete       tasks.o
    0x08008b74   0x08008b74   0x00000018   Code   RO         5650    i.vTaskInternalSetTimeOutState  tasks.o
    0x08008b8c   0x08008b8c   0x0000000c   Code   RO         5651    i.vTaskMissedYield  tasks.o
    0x08008b98   0x08008b98   0x00000038   Code   RO         5653    i.vTaskPlaceOnEventList  tasks.o
    0x08008bd0   0x08008bd0   0x00000040   Code   RO         5654    i.vTaskPlaceOnEventListRestricted  tasks.o
    0x08008c10   0x08008c10   0x00000094   Code   RO         5662    i.vTaskStartScheduler  tasks.o
    0x08008ca4   0x08008ca4   0x00000010   Code   RO         5664    i.vTaskSuspendAll   tasks.o
    0x08008cb4   0x08008cb4   0x0000008c   Code   RO         5665    i.vTaskSwitchContext  tasks.o
    0x08008d40   0x08008d40   0x00000168   Code   RO         6170    i.xPortStartScheduler  port.o
    0x08008ea8   0x08008ea8   0x00000022   Code   RO         5268    i.xQueueCreateMutex  queue.o
    0x08008eca   0x08008eca   0x00000054   Code   RO         5269    i.xQueueGenericCreate  queue.o
    0x08008f1e   0x08008f1e   0x00000002   PAD
    0x08008f20   0x08008f20   0x00000098   Code   RO         5270    i.xQueueGenericReset  queue.o
    0x08008fb8   0x08008fb8   0x000001a8   Code   RO         5271    i.xQueueGenericSend  queue.o
    0x08009160   0x08009160   0x000000fc   Code   RO         5272    i.xQueueGenericSendFromISR  queue.o
    0x0800925c   0x0800925c   0x00000168   Code   RO         5279    i.xQueueReceive     queue.o
    0x080093c4   0x080093c4   0x0000008c   Code   RO         5667    i.xTaskCheckForTimeOut  tasks.o
    0x08009450   0x08009450   0x00000060   Code   RO         5668    i.xTaskCreate       tasks.o
    0x080094b0   0x080094b0   0x00000020   Code   RO         5673    i.xTaskGetSchedulerState  tasks.o
    0x080094d0   0x080094d0   0x0000000c   Code   RO         5674    i.xTaskGetTickCount  tasks.o
    0x080094dc   0x080094dc   0x00000148   Code   RO         5676    i.xTaskIncrementTick  tasks.o
    0x08009624   0x08009624   0x000000c8   Code   RO         5679    i.xTaskPriorityDisinherit  tasks.o
    0x080096ec   0x080096ec   0x00000098   Code   RO         5681    i.xTaskRemoveFromEventList  tasks.o
    0x08009784   0x08009784   0x00000104   Code   RO         5682    i.xTaskResumeAll    tasks.o
    0x08009888   0x08009888   0x00000058   Code   RO         6021    i.xTimerCreateTimerTask  timers.o
    0x080098e0   0x080098e0   0x00000084   Code   RO         6022    i.xTimerGenericCommand  timers.o
    0x08009964   0x08009964   0x00000020   Data   RO         6339    Region$$Table       anon$$obj.o


    Execution Region RW_IRAM1 (Exec base: 0x20000000, Load base: 0x08009984, Size: 0x000041f0, Max: 0x00010000, ABSOLUTE)

    Exec Addr    Load Addr    Size         Type   Attr      Idx    E Section Name        Object

    0x20000000   0x08009984   0x00000008   Data   RW            8    .data               main.o
    0x20000008   0x0800998c   0x00000033   Data   RW          379    .data               24cxx.o
    0x2000003b   0x080099bf   0x00000001   PAD
    0x2000003c   0x080099c0   0x00000010   Data   RW          571    .data               led.o
    0x2000004c   0x080099d0   0x00000004   Data   RW          676    .data               flash.o
    0x20000050   0x080099d4   0x0000004e   Data   RW          943    .data               usartdriver.o
    0x2000009e   0x08009a22   0x00000002   PAD
    0x200000a0   0x08009a24   0x00000004   Data   RW         1119    .data               system_gd32f30x.o
    0x200000a4   0x08009a28   0x0000003c   Data   RW         5685    .data               tasks.o
    0x200000e0   0x08009a64   0x00000014   Data   RW         6028    .data               timers.o
    0x200000f4   0x08009a78   0x0000000c   Data   RW         6171    .data               port.o
    0x20000100   0x08009a84   0x00000020   Data   RW         6247    .data               heap_4.o
    0x20000120        -       0x000012c0   Zero   RW          942    .bss                usartdriver.o
    0x200013e0        -       0x00000040   Zero   RW         5283    .bss                queue.o
    0x20001420        -       0x000001a4   Zero   RW         5684    .bss                tasks.o
    0x200015c4        -       0x00000028   Zero   RW         6027    .bss                timers.o
    0x200015ec        -       0x00002800   Zero   RW         6246    .bss                heap_4.o
    0x20003dec   0x08009aa4   0x00000004   PAD
    0x20003df0        -       0x00000400   Zero   RW         1104    STACK               startup_gd32f30x_hd.o


==============================================================================

Image component sizes


      Code (inc. data)   RO Data    RW Data    ZI Data      Debug   Object Name

        28          8          0         51          0       2076   24cxx.o
        84          6          0          0          0        603   adcdriver.o
         0          0          0          0          0       9616   event_groups.o
        32          6          0          4          0       1402   flash.o
       290          6          0          0          0       5103   gd32f30x_adc.o
         0          0          0          0          0       1472   gd32f30x_can.o
       688          6          0          0          0       7475   gd32f30x_dma.o
       340          6          0          0          0       3340   gd32f30x_gpio.o
        20          0          0          0          0       3141   gd32f30x_it.o
       308         28          0          0          0      29251   gd32f30x_misc.o
       440         46          0          0          0       3380   gd32f30x_rcu.o
        60          0          0          0          0       2180   gd32f30x_spi.o
       446         40          0          0          0       5629   gd32f30x_timer.o
       504         16          0          0          0       8191   gd32f30x_usart.o
       724         74          0         32      10240       5339   heap_4.o
       542         30          0          0          0       1859   initmcu.o
        80          8          0         16          0       1891   led.o
       148          0          0          0          0       4022   list.o
       174         40          0          8          0      78442   main.o
        48          0          0          0          0       1340   mydelay.o
      1014         92          0         12          0      13005   port.o
      1846         20          0          0         64      19450   queue.o
        94          0          0          0          0       2735   simulationiicdriver.o
        74          4          0          0          0       1163   spidriver.o
        36          8        304          0       1024        956   startup_gd32f30x_hd.o
       648         30          0          4          0       4331   system_gd32f30x.o
      2828        390          0         60        420      28860   tasks.o
       110          0          0          0          0       1212   timerdriver.o
      1226        116          0         20         40      22563   timers.o
      1376         68          0         78       4800       8356   usartdriver.o

    ----------------------------------------------------------------------
     14230       1048        336        288      16592     278383   Object Totals
         0          0         32          0          0          0   (incl. Generated)
        22          0          0          3          4          0   (incl. Padding)

    ----------------------------------------------------------------------

      Code (inc. data)   RO Data    RW Data    ZI Data      Debug   Library Member Name

         0          0          0          0          0          0   entry.o
         0          0          0          0          0          0   entry10a.o
         0          0          0          0          0          0   entry11a.o
         8          4          0          0          0          0   entry2.o
         4          0          0          0          0          0   entry5.o
         0          0          0          0          0          0   entry7b.o
         0          0          0          0          0          0   entry8b.o
         8          4          0          0          0          0   entry9a.o
        30          0          0          0          0          0   handlers.o
        36          8          0          0          0         68   init.o
        36          0          0          0          0         68   memcpya.o
        36          0          0          0          0        108   memseta.o

    ----------------------------------------------------------------------
       158         16          0          0          0        244   Library Totals
         0          0          0          0          0          0   (incl. Padding)

    ----------------------------------------------------------------------

      Code (inc. data)   RO Data    RW Data    ZI Data      Debug   Library Name

       158         16          0          0          0        244   mc_w.l

    ----------------------------------------------------------------------
       158         16          0          0          0        244   Library Totals

    ----------------------------------------------------------------------

==============================================================================


      Code (inc. data)   RO Data    RW Data    ZI Data      Debug   

     14388       1064        336        288      16592     263579   Grand Totals
     14388       1064        336        288      16592     263579   ELF Image Totals
     14388       1064        336        288          0          0   ROM Totals

==============================================================================

    Total RO  Size (Code + RO Data)                14724 (  14.38kB)
    Total RW  Size (RW Data + ZI Data)             16880 (  16.48kB)
    Total ROM Size (Code + RO Data + RW Data)      15012 (  14.66kB)

==============================================================================

